Archive member included to satisfy reference by file (symbol)

c:/siliconlabs/simplicitystudio/v5/developer/toolchains/gnu_arm/10.3_2021.10/bin/../lib/gcc/arm-none-eabi/10.3.1/thumb/v7-m/nofp\libgcc.a(_aeabi_ldivmod.o)
                              ./gecko_sdk_4.3.0/platform/emlib/src/em_usart.o (__aeabi_ldivmod)
c:/siliconlabs/simplicitystudio/v5/developer/toolchains/gnu_arm/10.3_2021.10/bin/../lib/gcc/arm-none-eabi/10.3.1/thumb/v7-m/nofp\libgcc.a(_aeabi_uldivmod.o)
                              ./gecko_sdk_4.3.0/platform/emlib/src/em_usart.o (__aeabi_uldivmod)
c:/siliconlabs/simplicitystudio/v5/developer/toolchains/gnu_arm/10.3_2021.10/bin/../lib/gcc/arm-none-eabi/10.3.1/thumb/v7-m/nofp\libgcc.a(_udivmoddi4.o)
                              c:/siliconlabs/simplicitystudio/v5/developer/toolchains/gnu_arm/10.3_2021.10/bin/../lib/gcc/arm-none-eabi/10.3.1/thumb/v7-m/nofp\libgcc.a(_aeabi_ldivmod.o) (__udivmoddi4)
c:/siliconlabs/simplicitystudio/v5/developer/toolchains/gnu_arm/10.3_2021.10/bin/../lib/gcc/arm-none-eabi/10.3.1/thumb/v7-m/nofp\libgcc.a(_dvmd_tls.o)
                              c:/siliconlabs/simplicitystudio/v5/developer/toolchains/gnu_arm/10.3_2021.10/bin/../lib/gcc/arm-none-eabi/10.3.1/thumb/v7-m/nofp\libgcc.a(_aeabi_ldivmod.o) (__aeabi_ldiv0)
c:/siliconlabs/simplicitystudio/v5/developer/toolchains/gnu_arm/10.3_2021.10/bin/../lib/gcc/arm-none-eabi/10.3.1/../../../../arm-none-eabi/lib/thumb/v7-m/nofp\libc_nano.a(lib_a-exit.o)
                              c:/siliconlabs/simplicitystudio/v5/developer/toolchains/gnu_arm/10.3_2021.10/bin/../lib/gcc/arm-none-eabi/10.3.1/../../../../arm-none-eabi/lib/thumb/v7-m/nofp/crt0.o (exit)
c:/siliconlabs/simplicitystudio/v5/developer/toolchains/gnu_arm/10.3_2021.10/bin/../lib/gcc/arm-none-eabi/10.3.1/../../../../arm-none-eabi/lib/thumb/v7-m/nofp\libc_nano.a(lib_a-impure.o)
                              c:/siliconlabs/simplicitystudio/v5/developer/toolchains/gnu_arm/10.3_2021.10/bin/../lib/gcc/arm-none-eabi/10.3.1/../../../../arm-none-eabi/lib/thumb/v7-m/nofp\libc_nano.a(lib_a-exit.o) (_global_impure_ptr)
c:/siliconlabs/simplicitystudio/v5/developer/toolchains/gnu_arm/10.3_2021.10/bin/../lib/gcc/arm-none-eabi/10.3.1/../../../../arm-none-eabi/lib/thumb/v7-m/nofp\libc_nano.a(lib_a-init.o)
                              c:/siliconlabs/simplicitystudio/v5/developer/toolchains/gnu_arm/10.3_2021.10/bin/../lib/gcc/arm-none-eabi/10.3.1/../../../../arm-none-eabi/lib/thumb/v7-m/nofp/crt0.o (__libc_init_array)
c:/siliconlabs/simplicitystudio/v5/developer/toolchains/gnu_arm/10.3_2021.10/bin/../lib/gcc/arm-none-eabi/10.3.1/../../../../arm-none-eabi/lib/thumb/v7-m/nofp\libc_nano.a(lib_a-memset.o)
                              c:/siliconlabs/simplicitystudio/v5/developer/toolchains/gnu_arm/10.3_2021.10/bin/../lib/gcc/arm-none-eabi/10.3.1/../../../../arm-none-eabi/lib/thumb/v7-m/nofp/crt0.o (memset)
c:/siliconlabs/simplicitystudio/v5/developer/toolchains/gnu_arm/10.3_2021.10/bin/../lib/gcc/arm-none-eabi/10.3.1/../../../../arm-none-eabi/lib/thumb/v7-m/nofp\libnosys.a(_exit.o)
                              c:/siliconlabs/simplicitystudio/v5/developer/toolchains/gnu_arm/10.3_2021.10/bin/../lib/gcc/arm-none-eabi/10.3.1/../../../../arm-none-eabi/lib/thumb/v7-m/nofp\libc_nano.a(lib_a-exit.o) (_exit)

Discarded input sections

 .text          0x00000000        0x0 c:/siliconlabs/simplicitystudio/v5/developer/toolchains/gnu_arm/10.3_2021.10/bin/../lib/gcc/arm-none-eabi/10.3.1/thumb/v7-m/nofp/crti.o
 .data          0x00000000        0x0 c:/siliconlabs/simplicitystudio/v5/developer/toolchains/gnu_arm/10.3_2021.10/bin/../lib/gcc/arm-none-eabi/10.3.1/thumb/v7-m/nofp/crti.o
 .bss           0x00000000        0x0 c:/siliconlabs/simplicitystudio/v5/developer/toolchains/gnu_arm/10.3_2021.10/bin/../lib/gcc/arm-none-eabi/10.3.1/thumb/v7-m/nofp/crti.o
 .data          0x00000000        0x4 c:/siliconlabs/simplicitystudio/v5/developer/toolchains/gnu_arm/10.3_2021.10/bin/../lib/gcc/arm-none-eabi/10.3.1/thumb/v7-m/nofp/crtbegin.o
 .rodata        0x00000000       0x24 c:/siliconlabs/simplicitystudio/v5/developer/toolchains/gnu_arm/10.3_2021.10/bin/../lib/gcc/arm-none-eabi/10.3.1/thumb/v7-m/nofp/crtbegin.o
 .data          0x00000000        0x0 c:/siliconlabs/simplicitystudio/v5/developer/toolchains/gnu_arm/10.3_2021.10/bin/../lib/gcc/arm-none-eabi/10.3.1/../../../../arm-none-eabi/lib/thumb/v7-m/nofp/crt0.o
 .bss           0x00000000        0x0 c:/siliconlabs/simplicitystudio/v5/developer/toolchains/gnu_arm/10.3_2021.10/bin/../lib/gcc/arm-none-eabi/10.3.1/../../../../arm-none-eabi/lib/thumb/v7-m/nofp/crt0.o
 .ARM.extab     0x00000000        0x0 c:/siliconlabs/simplicitystudio/v5/developer/toolchains/gnu_arm/10.3_2021.10/bin/../lib/gcc/arm-none-eabi/10.3.1/../../../../arm-none-eabi/lib/thumb/v7-m/nofp/crt0.o
 .text          0x00000000        0x0 ./app.o
 .data          0x00000000        0x0 ./app.o
 .bss           0x00000000        0x0 ./app.o
 .text          0x00000000        0x0 ./main.o
 .data          0x00000000        0x0 ./main.o
 .bss           0x00000000        0x0 ./main.o
 .text          0x00000000        0x0 ./uart.o
 .data          0x00000000        0x0 ./uart.o
 .bss           0x00000000        0x0 ./uart.o
 .text.Led_Toggle
                0x00000000       0x1c ./uart.o
 .text          0x00000000        0x0 ./autogen/sl_board_default_init.o
 .data          0x00000000        0x0 ./autogen/sl_board_default_init.o
 .bss           0x00000000        0x0 ./autogen/sl_board_default_init.o
 .text          0x00000000        0x0 ./autogen/sl_device_init_clocks.o
 .data          0x00000000        0x0 ./autogen/sl_device_init_clocks.o
 .bss           0x00000000        0x0 ./autogen/sl_device_init_clocks.o
 .text          0x00000000        0x0 ./autogen/sl_event_handler.o
 .data          0x00000000        0x0 ./autogen/sl_event_handler.o
 .bss           0x00000000        0x0 ./autogen/sl_event_handler.o
 .text          0x00000000        0x0 ./gecko_sdk_4.3.0/hardware/board/src/sl_board_control_gpio.o
 .data          0x00000000        0x0 ./gecko_sdk_4.3.0/hardware/board/src/sl_board_control_gpio.o
 .bss           0x00000000        0x0 ./gecko_sdk_4.3.0/hardware/board/src/sl_board_control_gpio.o
 .text.sl_board_enable_vcom
                0x00000000       0x12 ./gecko_sdk_4.3.0/hardware/board/src/sl_board_control_gpio.o
 .text.sl_board_disable_vcom
                0x00000000       0x12 ./gecko_sdk_4.3.0/hardware/board/src/sl_board_control_gpio.o
 .text.sl_board_enable_display
                0x00000000        0x4 ./gecko_sdk_4.3.0/hardware/board/src/sl_board_control_gpio.o
 .text.sl_board_disable_display
                0x00000000        0x4 ./gecko_sdk_4.3.0/hardware/board/src/sl_board_control_gpio.o
 .rodata.sl_board_enable_sensor.str1.1
                0x00000000       0x3e ./gecko_sdk_4.3.0/hardware/board/src/sl_board_control_gpio.o
 .text.sl_board_enable_sensor
                0x00000000       0x54 ./gecko_sdk_4.3.0/hardware/board/src/sl_board_control_gpio.o
 .text.sl_board_disable_sensor
                0x00000000       0x54 ./gecko_sdk_4.3.0/hardware/board/src/sl_board_control_gpio.o
 .text.sl_board_enable_memory
                0x00000000       0x28 ./gecko_sdk_4.3.0/hardware/board/src/sl_board_control_gpio.o
 .text.sl_board_disable_memory
                0x00000000       0x28 ./gecko_sdk_4.3.0/hardware/board/src/sl_board_control_gpio.o
 .text.sl_board_enable_oscillator
                0x00000000       0x1c ./gecko_sdk_4.3.0/hardware/board/src/sl_board_control_gpio.o
 .text.sl_board_disable_oscillator
                0x00000000       0x1c ./gecko_sdk_4.3.0/hardware/board/src/sl_board_control_gpio.o
 .text          0x00000000        0x0 ./gecko_sdk_4.3.0/hardware/board/src/sl_board_init.o
 .data          0x00000000        0x0 ./gecko_sdk_4.3.0/hardware/board/src/sl_board_init.o
 .bss           0x00000000        0x0 ./gecko_sdk_4.3.0/hardware/board/src/sl_board_init.o
 .text          0x00000000        0x0 ./gecko_sdk_4.3.0/platform/Device/SiliconLabs/EFM32GG/Source/startup_efm32gg.o
 .data          0x00000000        0x0 ./gecko_sdk_4.3.0/platform/Device/SiliconLabs/EFM32GG/Source/startup_efm32gg.o
 .bss           0x00000000        0x0 ./gecko_sdk_4.3.0/platform/Device/SiliconLabs/EFM32GG/Source/startup_efm32gg.o
 .text          0x00000000        0x0 ./gecko_sdk_4.3.0/platform/Device/SiliconLabs/EFM32GG/Source/system_efm32gg.o
 .data          0x00000000        0x0 ./gecko_sdk_4.3.0/platform/Device/SiliconLabs/EFM32GG/Source/system_efm32gg.o
 .bss           0x00000000        0x0 ./gecko_sdk_4.3.0/platform/Device/SiliconLabs/EFM32GG/Source/system_efm32gg.o
 .text.SystemLFXOClockSet
                0x00000000       0x1c ./gecko_sdk_4.3.0/platform/Device/SiliconLabs/EFM32GG/Source/system_efm32gg.o
 .text          0x00000000        0x0 ./gecko_sdk_4.3.0/platform/common/src/sl_assert.o
 .data          0x00000000        0x0 ./gecko_sdk_4.3.0/platform/common/src/sl_assert.o
 .bss           0x00000000        0x0 ./gecko_sdk_4.3.0/platform/common/src/sl_assert.o
 .text          0x00000000        0x0 ./gecko_sdk_4.3.0/platform/common/toolchain/src/sl_memory.o
 .data          0x00000000        0x0 ./gecko_sdk_4.3.0/platform/common/toolchain/src/sl_memory.o
 .bss           0x00000000        0x0 ./gecko_sdk_4.3.0/platform/common/toolchain/src/sl_memory.o
 .text.sl_memory_get_stack_region
                0x00000000       0x10 ./gecko_sdk_4.3.0/platform/common/toolchain/src/sl_memory.o
 .text.sl_memory_get_heap_region
                0x00000000       0x14 ./gecko_sdk_4.3.0/platform/common/toolchain/src/sl_memory.o
 .text._sbrk    0x00000000       0x20 ./gecko_sdk_4.3.0/platform/common/toolchain/src/sl_memory.o
 .data.heap_end.0
                0x00000000        0x4 ./gecko_sdk_4.3.0/platform/common/toolchain/src/sl_memory.o
 .text          0x00000000        0x0 ./gecko_sdk_4.3.0/platform/emlib/src/em_cmu.o
 .data          0x00000000        0x0 ./gecko_sdk_4.3.0/platform/emlib/src/em_cmu.o
 .bss           0x00000000        0x0 ./gecko_sdk_4.3.0/platform/emlib/src/em_cmu.o
 .rodata.CMU_DivToLog2.str1.1
                0x00000000       0x62 ./gecko_sdk_4.3.0/platform/emlib/src/em_cmu.o
 .text.CMU_DivToLog2
                0x00000000       0x2c ./gecko_sdk_4.3.0/platform/emlib/src/em_cmu.o
 .text.CMU_AUXHFRCOBandGet
                0x00000000       0x10 ./gecko_sdk_4.3.0/platform/emlib/src/em_cmu.o
 .text.CMU_AUXHFRCOBandSet
                0x00000000       0x78 ./gecko_sdk_4.3.0/platform/emlib/src/em_cmu.o
 .text.CMU_Calibrate
                0x00000000       0x74 ./gecko_sdk_4.3.0/platform/emlib/src/em_cmu.o
 .text.CMU_CalibrateConfig
                0x00000000       0xa0 ./gecko_sdk_4.3.0/platform/emlib/src/em_cmu.o
 .text.CMU_CalibrateCountGet
                0x00000000       0x20 ./gecko_sdk_4.3.0/platform/emlib/src/em_cmu.o
 .text.CMU_ClockDivSet
                0x00000000      0x238 ./gecko_sdk_4.3.0/platform/emlib/src/em_cmu.o
 .text.sli_em_cmu_SetHFLEConfigSystemCoreClock
                0x00000000        0xe ./gecko_sdk_4.3.0/platform/emlib/src/em_cmu.o
 .text.sli_em_cmu_SetHFLEConfigHFClock
                0x00000000        0xe ./gecko_sdk_4.3.0/platform/emlib/src/em_cmu.o
 .text.CMU_LF_ClockPrecisionGet
                0x00000000       0x18 ./gecko_sdk_4.3.0/platform/emlib/src/em_cmu.o
 .text.CMU_HF_ClockPrecisionGet
                0x00000000       0x18 ./gecko_sdk_4.3.0/platform/emlib/src/em_cmu.o
 .text.CMU_FreezeEnable
                0x00000000       0x18 ./gecko_sdk_4.3.0/platform/emlib/src/em_cmu.o
 .text.CMU_HFRCOBandGet
                0x00000000       0x10 ./gecko_sdk_4.3.0/platform/emlib/src/em_cmu.o
 .text.CMU_HFRCOBandSet
                0x00000000       0xa8 ./gecko_sdk_4.3.0/platform/emlib/src/em_cmu.o
 .text.CMU_HFRCOStartupDelayGet
                0x00000000       0x10 ./gecko_sdk_4.3.0/platform/emlib/src/em_cmu.o
 .text.CMU_HFRCOStartupDelaySet
                0x00000000       0x30 ./gecko_sdk_4.3.0/platform/emlib/src/em_cmu.o
 .text.CMU_LCDClkFDIVGet
                0x00000000       0x10 ./gecko_sdk_4.3.0/platform/emlib/src/em_cmu.o
 .text.CMU_LCDClkFDIVSet
                0x00000000       0x34 ./gecko_sdk_4.3.0/platform/emlib/src/em_cmu.o
 .text.CMU_LFXOPrecisionGet
                0x00000000        0xc ./gecko_sdk_4.3.0/platform/emlib/src/em_cmu.o
 .text.CMU_HFXOPrecisionGet
                0x00000000        0xc ./gecko_sdk_4.3.0/platform/emlib/src/em_cmu.o
 .text.sli_em_cmu_HFClockSelectLFOsc
                0x00000000       0x58 ./gecko_sdk_4.3.0/platform/emlib/src/em_cmu.o
 .text.sli_em_cmu_HFClockSelectHFRCO
                0x00000000       0x3c ./gecko_sdk_4.3.0/platform/emlib/src/em_cmu.o
 .text.CMU_ClockSelectSet
                0x00000000      0x1c0 ./gecko_sdk_4.3.0/platform/emlib/src/em_cmu.o
 .text.CMU_OscillatorTuningGet
                0x00000000       0x3c ./gecko_sdk_4.3.0/platform/emlib/src/em_cmu.o
 .text.CMU_OscillatorTuningSet
                0x00000000       0x84 ./gecko_sdk_4.3.0/platform/emlib/src/em_cmu.o
 .text.CMU_PCNTClockExternalGet
                0x00000000       0x38 ./gecko_sdk_4.3.0/platform/emlib/src/em_cmu.o
 .rodata.CMU_PCNTClockExternalSet.str1.1
                0x00000000       0x62 ./gecko_sdk_4.3.0/platform/emlib/src/em_cmu.o
 .text.CMU_PCNTClockExternalSet
                0x00000000       0x3c ./gecko_sdk_4.3.0/platform/emlib/src/em_cmu.o
 .text          0x00000000        0x0 ./gecko_sdk_4.3.0/platform/emlib/src/em_core.o
 .data          0x00000000        0x0 ./gecko_sdk_4.3.0/platform/emlib/src/em_core.o
 .bss           0x00000000        0x0 ./gecko_sdk_4.3.0/platform/emlib/src/em_core.o
 .text.__NVIC_GetPriority
                0x00000000       0x24 ./gecko_sdk_4.3.0/platform/emlib/src/em_core.o
 .text.CORE_CriticalDisableIrq
                0x00000000        0x4 ./gecko_sdk_4.3.0/platform/emlib/src/em_core.o
 .text.CORE_CriticalEnableIrq
                0x00000000        0x4 ./gecko_sdk_4.3.0/platform/emlib/src/em_core.o
 .text.CORE_YieldCritical
                0x00000000       0x12 ./gecko_sdk_4.3.0/platform/emlib/src/em_core.o
 .text.CORE_AtomicDisableIrq
                0x00000000        0x8 ./gecko_sdk_4.3.0/platform/emlib/src/em_core.o
 .text.CORE_AtomicEnableIrq
                0x00000000        0x8 ./gecko_sdk_4.3.0/platform/emlib/src/em_core.o
 .text.CORE_EnterAtomic
                0x00000000        0xc ./gecko_sdk_4.3.0/platform/emlib/src/em_core.o
 .text.CORE_ExitAtomic
                0x00000000        0x6 ./gecko_sdk_4.3.0/platform/emlib/src/em_core.o
 .text.CORE_YieldAtomic
                0x00000000       0x18 ./gecko_sdk_4.3.0/platform/emlib/src/em_core.o
 .text.CORE_EnterNvicMask
                0x00000000       0x2c ./gecko_sdk_4.3.0/platform/emlib/src/em_core.o
 .text.CORE_NvicDisableMask
                0x00000000       0x20 ./gecko_sdk_4.3.0/platform/emlib/src/em_core.o
 .text.CORE_NvicEnableMask
                0x00000000       0x20 ./gecko_sdk_4.3.0/platform/emlib/src/em_core.o
 .text.CORE_YieldNvicMask
                0x00000000       0x34 ./gecko_sdk_4.3.0/platform/emlib/src/em_core.o
 .rodata.CORE_NvicMaskSetIRQ.str1.1
                0x00000000       0x30 ./gecko_sdk_4.3.0/platform/emlib/src/em_core.o
 .text.CORE_NvicMaskSetIRQ
                0x00000000       0x34 ./gecko_sdk_4.3.0/platform/emlib/src/em_core.o
 .text.CORE_NvicMaskClearIRQ
                0x00000000       0x34 ./gecko_sdk_4.3.0/platform/emlib/src/em_core.o
 .text.CORE_InIrqContext
                0x00000000       0x14 ./gecko_sdk_4.3.0/platform/emlib/src/em_core.o
 .text.CORE_IrqIsDisabled
                0x00000000       0x1a ./gecko_sdk_4.3.0/platform/emlib/src/em_core.o
 .text.CORE_GetNvicEnabledMask
                0x00000000       0x20 ./gecko_sdk_4.3.0/platform/emlib/src/em_core.o
 .text.CORE_GetNvicMaskDisableState
                0x00000000       0x2c ./gecko_sdk_4.3.0/platform/emlib/src/em_core.o
 .text.CORE_NvicIRQDisabled
                0x00000000       0x34 ./gecko_sdk_4.3.0/platform/emlib/src/em_core.o
 .text.CORE_IrqIsBlocked
                0x00000000       0x6c ./gecko_sdk_4.3.0/platform/emlib/src/em_core.o
 .text.CORE_GetNvicRamTableHandler
                0x00000000       0x2c ./gecko_sdk_4.3.0/platform/emlib/src/em_core.o
 .text.CORE_SetNvicRamTableHandler
                0x00000000       0x30 ./gecko_sdk_4.3.0/platform/emlib/src/em_core.o
 .text.CORE_InitNvicVectorTable
                0x00000000       0xa0 ./gecko_sdk_4.3.0/platform/emlib/src/em_core.o
 .text          0x00000000        0x0 ./gecko_sdk_4.3.0/platform/emlib/src/em_emu.o
 .data          0x00000000        0x0 ./gecko_sdk_4.3.0/platform/emlib/src/em_emu.o
 .bss           0x00000000        0x0 ./gecko_sdk_4.3.0/platform/emlib/src/em_emu.o
 .text.getErrataFixEmuE107En
                0x00000000       0x3c ./gecko_sdk_4.3.0/platform/emlib/src/em_emu.o
 .text.emState.part.0
                0x00000000       0x68 ./gecko_sdk_4.3.0/platform/emlib/src/em_emu.o
 .text.emState.constprop.0
                0x00000000       0x24 ./gecko_sdk_4.3.0/platform/emlib/src/em_emu.o
 .text.EMU_EM23Init
                0x00000000       0x1c ./gecko_sdk_4.3.0/platform/emlib/src/em_emu.o
 .text.EMU_EM23PresleepHook
                0x00000000        0x2 ./gecko_sdk_4.3.0/platform/emlib/src/em_emu.o
 .text.EMU_EFPEM23PresleepHook
                0x00000000        0x2 ./gecko_sdk_4.3.0/platform/emlib/src/em_emu.o
 .text.EMU_EM23PostsleepHook
                0x00000000        0x2 ./gecko_sdk_4.3.0/platform/emlib/src/em_emu.o
 .text.EMU_EFPEM23PostsleepHook
                0x00000000        0x2 ./gecko_sdk_4.3.0/platform/emlib/src/em_emu.o
 .text.EMU_EnterEM2
                0x00000000       0x6c ./gecko_sdk_4.3.0/platform/emlib/src/em_emu.o
 .text.EMU_EnterEM3
                0x00000000       0x88 ./gecko_sdk_4.3.0/platform/emlib/src/em_emu.o
 .text.EMU_Save
                0x00000000        0x4 ./gecko_sdk_4.3.0/platform/emlib/src/em_emu.o
 .text.EMU_Restore
                0x00000000        0x4 ./gecko_sdk_4.3.0/platform/emlib/src/em_emu.o
 .text.EMU_EM4PresleepHook
                0x00000000        0x2 ./gecko_sdk_4.3.0/platform/emlib/src/em_emu.o
 .text.EMU_EFPEM4PresleepHook
                0x00000000        0x2 ./gecko_sdk_4.3.0/platform/emlib/src/em_emu.o
 .text.EMU_EnterEM4
                0x00000000       0x3c ./gecko_sdk_4.3.0/platform/emlib/src/em_emu.o
 .text.EMU_EnterEM4Wait
                0x00000000       0x14 ./gecko_sdk_4.3.0/platform/emlib/src/em_emu.o
 .text.EMU_MemPwrDown
                0x00000000       0x10 ./gecko_sdk_4.3.0/platform/emlib/src/em_emu.o
 .text.EMU_RamPowerDown
                0x00000000       0x54 ./gecko_sdk_4.3.0/platform/emlib/src/em_emu.o
 .text.EMU_RamPowerUp
                0x00000000        0x2 ./gecko_sdk_4.3.0/platform/emlib/src/em_emu.o
 .text.EMU_UpdateOscConfig
                0x00000000        0x4 ./gecko_sdk_4.3.0/platform/emlib/src/em_emu.o
 .text.EMU_BUPDInit
                0x00000000       0x70 ./gecko_sdk_4.3.0/platform/emlib/src/em_emu.o
 .rodata.EMU_BUThresholdSet.str1.1
                0x00000000       0x2f ./gecko_sdk_4.3.0/platform/emlib/src/em_emu.o
 .text.EMU_BUThresholdSet
                0x00000000       0x4c ./gecko_sdk_4.3.0/platform/emlib/src/em_emu.o
 .text.EMU_BUThresRangeSet
                0x00000000       0x50 ./gecko_sdk_4.3.0/platform/emlib/src/em_emu.o
 .text.EMU_BUStatEnSet
                0x00000000       0x14 ./gecko_sdk_4.3.0/platform/emlib/src/em_emu.o
 .text.EMU_BUEnableSet
                0x00000000       0x14 ./gecko_sdk_4.3.0/platform/emlib/src/em_emu.o
 .bss.cmuStatus.1
                0x00000000        0x4 ./gecko_sdk_4.3.0/platform/emlib/src/em_emu.o
 .bss.hfClock.0
                0x00000000        0x1 ./gecko_sdk_4.3.0/platform/emlib/src/em_emu.o
 .text          0x00000000        0x0 ./gecko_sdk_4.3.0/platform/emlib/src/em_gpio.o
 .data          0x00000000        0x0 ./gecko_sdk_4.3.0/platform/emlib/src/em_gpio.o
 .bss           0x00000000        0x0 ./gecko_sdk_4.3.0/platform/emlib/src/em_gpio.o
 .text.GPIO_DbgLocationSet
                0x00000000       0x2c ./gecko_sdk_4.3.0/platform/emlib/src/em_gpio.o
 .text.GPIO_DriveModeSet
                0x00000000       0x34 ./gecko_sdk_4.3.0/platform/emlib/src/em_gpio.o
 .rodata.GPIO_ExtIntConfig.str1.1
                0x00000000       0x62 ./gecko_sdk_4.3.0/platform/emlib/src/em_gpio.o
 .text.GPIO_ExtIntConfig
                0x00000000       0xb4 ./gecko_sdk_4.3.0/platform/emlib/src/em_gpio.o
 .text.GPIO_PinModeGet
                0x00000000       0x50 ./gecko_sdk_4.3.0/platform/emlib/src/em_gpio.o
 .text.GPIO_EM4EnablePinWakeup
                0x00000000       0x64 ./gecko_sdk_4.3.0/platform/emlib/src/em_gpio.o
 .text          0x00000000        0x0 ./gecko_sdk_4.3.0/platform/emlib/src/em_msc.o
 .data          0x00000000        0x0 ./gecko_sdk_4.3.0/platform/emlib/src/em_msc.o
 .bss           0x00000000        0x0 ./gecko_sdk_4.3.0/platform/emlib/src/em_msc.o
 .ram           0x00000000       0x4c ./gecko_sdk_4.3.0/platform/emlib/src/em_msc.o
 .text.MSC_Init
                0x00000000       0x60 ./gecko_sdk_4.3.0/platform/emlib/src/em_msc.o
 .text.MSC_Deinit
                0x00000000       0x14 ./gecko_sdk_4.3.0/platform/emlib/src/em_msc.o
 .text.MSC_ExecConfigSet
                0x00000000       0x48 ./gecko_sdk_4.3.0/platform/emlib/src/em_msc.o
 .text.MSC_LoadVerifyAddress
                0x00000000       0x30 ./gecko_sdk_4.3.0/platform/emlib/src/em_msc.o
 .rodata.MSC_LoadWriteData.str1.1
                0x00000000       0x2f ./gecko_sdk_4.3.0/platform/emlib/src/em_msc.o
 .text.MSC_LoadWriteData
                0x00000000      0x100 ./gecko_sdk_4.3.0/platform/emlib/src/em_msc.o
 .text.MSC_WriteWordI
                0x00000000       0xb8 ./gecko_sdk_4.3.0/platform/emlib/src/em_msc.o
 .text.MSC_ErasePage
                0x00000000       0xac ./gecko_sdk_4.3.0/platform/emlib/src/em_msc.o
 .text.MSC_WriteWord
                0x00000000        0x4 ./gecko_sdk_4.3.0/platform/emlib/src/em_msc.o
 .text.MSC_WriteWordFast
                0x00000000        0x4 ./gecko_sdk_4.3.0/platform/emlib/src/em_msc.o
 .debug_info    0x00000000      0x920 ./gecko_sdk_4.3.0/platform/emlib/src/em_msc.o
 .debug_abbrev  0x00000000      0x23d ./gecko_sdk_4.3.0/platform/emlib/src/em_msc.o
 .debug_loc     0x00000000      0x6ff ./gecko_sdk_4.3.0/platform/emlib/src/em_msc.o
 .debug_aranges
                0x00000000       0x60 ./gecko_sdk_4.3.0/platform/emlib/src/em_msc.o
 .debug_ranges  0x00000000       0x50 ./gecko_sdk_4.3.0/platform/emlib/src/em_msc.o
 .debug_line    0x00000000      0x903 ./gecko_sdk_4.3.0/platform/emlib/src/em_msc.o
 .debug_str     0x00000000      0x6e6 ./gecko_sdk_4.3.0/platform/emlib/src/em_msc.o
 .comment       0x00000000       0x4a ./gecko_sdk_4.3.0/platform/emlib/src/em_msc.o
 .debug_frame   0x00000000       0xf4 ./gecko_sdk_4.3.0/platform/emlib/src/em_msc.o
 .ARM.attributes
                0x00000000       0x2d ./gecko_sdk_4.3.0/platform/emlib/src/em_msc.o
 .text          0x00000000        0x0 ./gecko_sdk_4.3.0/platform/emlib/src/em_system.o
 .data          0x00000000        0x0 ./gecko_sdk_4.3.0/platform/emlib/src/em_system.o
 .bss           0x00000000        0x0 ./gecko_sdk_4.3.0/platform/emlib/src/em_system.o
 .text.SYSTEM_GetCalibrationValue
                0x00000000       0x30 ./gecko_sdk_4.3.0/platform/emlib/src/em_system.o
 .text.SYSTEM_GetSecurityCapability
                0x00000000        0x4 ./gecko_sdk_4.3.0/platform/emlib/src/em_system.o
 .text.SYSTEM_GetUnique
                0x00000000       0x10 ./gecko_sdk_4.3.0/platform/emlib/src/em_system.o
 .text.SYSTEM_GetSRAMBaseAddress
                0x00000000        0x6 ./gecko_sdk_4.3.0/platform/emlib/src/em_system.o
 .text.SYSTEM_GetSRAMSize
                0x00000000       0x10 ./gecko_sdk_4.3.0/platform/emlib/src/em_system.o
 .text.SYSTEM_GetFlashSize
                0x00000000       0x10 ./gecko_sdk_4.3.0/platform/emlib/src/em_system.o
 .text.SYSTEM_GetFlashPageSize
                0x00000000       0x2c ./gecko_sdk_4.3.0/platform/emlib/src/em_system.o
 .text.SYSTEM_GetPartNumber
                0x00000000       0x10 ./gecko_sdk_4.3.0/platform/emlib/src/em_system.o
 .text.SYSTEM_GetCalibrationTemperature
                0x00000000       0x10 ./gecko_sdk_4.3.0/platform/emlib/src/em_system.o
 .text          0x00000000        0x0 ./gecko_sdk_4.3.0/platform/emlib/src/em_timer.o
 .data          0x00000000        0x0 ./gecko_sdk_4.3.0/platform/emlib/src/em_timer.o
 .bss           0x00000000        0x0 ./gecko_sdk_4.3.0/platform/emlib/src/em_timer.o
 .text.TIMER_InitCC
                0x00000000       0x88 ./gecko_sdk_4.3.0/platform/emlib/src/em_timer.o
 .rodata.TIMER_InitDTI.str1.1
                0x00000000       0x64 ./gecko_sdk_4.3.0/platform/emlib/src/em_timer.o
 .text.TIMER_InitDTI
                0x00000000      0x114 ./gecko_sdk_4.3.0/platform/emlib/src/em_timer.o
 .text.TIMER_Reset
                0x00000000       0x5c ./gecko_sdk_4.3.0/platform/emlib/src/em_timer.o
 .text          0x00000000        0x0 ./gecko_sdk_4.3.0/platform/emlib/src/em_usart.o
 .data          0x00000000        0x0 ./gecko_sdk_4.3.0/platform/emlib/src/em_usart.o
 .bss           0x00000000        0x0 ./gecko_sdk_4.3.0/platform/emlib/src/em_usart.o
 .text.USART_BaudrateCalc
                0x00000000       0x7c ./gecko_sdk_4.3.0/platform/emlib/src/em_usart.o
 .text.USART_BaudrateGet
                0x00000000       0x24 ./gecko_sdk_4.3.0/platform/emlib/src/em_usart.o
 .text.USART_BaudrateSyncSet
                0x00000000       0x4c ./gecko_sdk_4.3.0/platform/emlib/src/em_usart.o
 .text.USART_InitPrsTrigger
                0x00000000       0x2e ./gecko_sdk_4.3.0/platform/emlib/src/em_usart.o
 .text.USARTn_InitIrDA
                0x00000000       0x68 ./gecko_sdk_4.3.0/platform/emlib/src/em_usart.o
 .text.USART_InitSync
                0x00000000       0xa4 ./gecko_sdk_4.3.0/platform/emlib/src/em_usart.o
 .text.USART_InitI2s
                0x00000000       0x74 ./gecko_sdk_4.3.0/platform/emlib/src/em_usart.o
 .text.USART_Rx
                0x00000000        0xc ./gecko_sdk_4.3.0/platform/emlib/src/em_usart.o
 .text.USART_RxDouble
                0x00000000        0xc ./gecko_sdk_4.3.0/platform/emlib/src/em_usart.o
 .text.USART_RxDoubleExt
                0x00000000        0xa ./gecko_sdk_4.3.0/platform/emlib/src/em_usart.o
 .text.USART_RxExt
                0x00000000        0xc ./gecko_sdk_4.3.0/platform/emlib/src/em_usart.o
 .text.USART_SpiTransfer
                0x00000000       0x14 ./gecko_sdk_4.3.0/platform/emlib/src/em_usart.o
 .text.USART_Tx
                0x00000000        0xa ./gecko_sdk_4.3.0/platform/emlib/src/em_usart.o
 .text.USART_TxDouble
                0x00000000        0xa ./gecko_sdk_4.3.0/platform/emlib/src/em_usart.o
 .text.USART_TxDoubleExt
                0x00000000        0xa ./gecko_sdk_4.3.0/platform/emlib/src/em_usart.o
 .text.USART_TxExt
                0x00000000        0xa ./gecko_sdk_4.3.0/platform/emlib/src/em_usart.o
 .text          0x00000000        0x0 ./gecko_sdk_4.3.0/platform/service/device_init/src/sl_device_init_emu_s0.o
 .data          0x00000000        0x0 ./gecko_sdk_4.3.0/platform/service/device_init/src/sl_device_init_emu_s0.o
 .bss           0x00000000        0x0 ./gecko_sdk_4.3.0/platform/service/device_init/src/sl_device_init_emu_s0.o
 .text          0x00000000        0x0 ./gecko_sdk_4.3.0/platform/service/device_init/src/sl_device_init_hfxo_s0.o
 .data          0x00000000        0x0 ./gecko_sdk_4.3.0/platform/service/device_init/src/sl_device_init_hfxo_s0.o
 .bss           0x00000000        0x0 ./gecko_sdk_4.3.0/platform/service/device_init/src/sl_device_init_hfxo_s0.o
 .text          0x00000000        0x0 ./gecko_sdk_4.3.0/platform/service/device_init/src/sl_device_init_lfxo_s0.o
 .data          0x00000000        0x0 ./gecko_sdk_4.3.0/platform/service/device_init/src/sl_device_init_lfxo_s0.o
 .bss           0x00000000        0x0 ./gecko_sdk_4.3.0/platform/service/device_init/src/sl_device_init_lfxo_s0.o
 .text          0x00000000        0x0 ./gecko_sdk_4.3.0/platform/service/device_init/src/sl_device_init_nvic.o
 .data          0x00000000        0x0 ./gecko_sdk_4.3.0/platform/service/device_init/src/sl_device_init_nvic.o
 .bss           0x00000000        0x0 ./gecko_sdk_4.3.0/platform/service/device_init/src/sl_device_init_nvic.o
 .text          0x00000000        0x0 ./gecko_sdk_4.3.0/platform/service/system/src/sl_system_init.o
 .data          0x00000000        0x0 ./gecko_sdk_4.3.0/platform/service/system/src/sl_system_init.o
 .bss           0x00000000        0x0 ./gecko_sdk_4.3.0/platform/service/system/src/sl_system_init.o
 .text          0x00000000        0x0 ./gecko_sdk_4.3.0/platform/service/system/src/sl_system_process_action.o
 .data          0x00000000        0x0 ./gecko_sdk_4.3.0/platform/service/system/src/sl_system_process_action.o
 .bss           0x00000000        0x0 ./gecko_sdk_4.3.0/platform/service/system/src/sl_system_process_action.o
 .text          0x00000000       0xa0 c:/siliconlabs/simplicitystudio/v5/developer/toolchains/gnu_arm/10.3_2021.10/bin/../lib/gcc/arm-none-eabi/10.3.1/thumb/v7-m/nofp\libgcc.a(_aeabi_ldivmod.o)
 .data          0x00000000        0x0 c:/siliconlabs/simplicitystudio/v5/developer/toolchains/gnu_arm/10.3_2021.10/bin/../lib/gcc/arm-none-eabi/10.3.1/thumb/v7-m/nofp\libgcc.a(_aeabi_ldivmod.o)
 .bss           0x00000000        0x0 c:/siliconlabs/simplicitystudio/v5/developer/toolchains/gnu_arm/10.3_2021.10/bin/../lib/gcc/arm-none-eabi/10.3.1/thumb/v7-m/nofp\libgcc.a(_aeabi_ldivmod.o)
 .debug_frame   0x00000000       0x44 c:/siliconlabs/simplicitystudio/v5/developer/toolchains/gnu_arm/10.3_2021.10/bin/../lib/gcc/arm-none-eabi/10.3.1/thumb/v7-m/nofp\libgcc.a(_aeabi_ldivmod.o)
 .ARM.attributes
                0x00000000       0x1d c:/siliconlabs/simplicitystudio/v5/developer/toolchains/gnu_arm/10.3_2021.10/bin/../lib/gcc/arm-none-eabi/10.3.1/thumb/v7-m/nofp\libgcc.a(_aeabi_ldivmod.o)
 .text          0x00000000       0x30 c:/siliconlabs/simplicitystudio/v5/developer/toolchains/gnu_arm/10.3_2021.10/bin/../lib/gcc/arm-none-eabi/10.3.1/thumb/v7-m/nofp\libgcc.a(_aeabi_uldivmod.o)
 .data          0x00000000        0x0 c:/siliconlabs/simplicitystudio/v5/developer/toolchains/gnu_arm/10.3_2021.10/bin/../lib/gcc/arm-none-eabi/10.3.1/thumb/v7-m/nofp\libgcc.a(_aeabi_uldivmod.o)
 .bss           0x00000000        0x0 c:/siliconlabs/simplicitystudio/v5/developer/toolchains/gnu_arm/10.3_2021.10/bin/../lib/gcc/arm-none-eabi/10.3.1/thumb/v7-m/nofp\libgcc.a(_aeabi_uldivmod.o)
 .debug_frame   0x00000000       0x2c c:/siliconlabs/simplicitystudio/v5/developer/toolchains/gnu_arm/10.3_2021.10/bin/../lib/gcc/arm-none-eabi/10.3.1/thumb/v7-m/nofp\libgcc.a(_aeabi_uldivmod.o)
 .ARM.attributes
                0x00000000       0x1d c:/siliconlabs/simplicitystudio/v5/developer/toolchains/gnu_arm/10.3_2021.10/bin/../lib/gcc/arm-none-eabi/10.3.1/thumb/v7-m/nofp\libgcc.a(_aeabi_uldivmod.o)
 .text          0x00000000      0x2d4 c:/siliconlabs/simplicitystudio/v5/developer/toolchains/gnu_arm/10.3_2021.10/bin/../lib/gcc/arm-none-eabi/10.3.1/thumb/v7-m/nofp\libgcc.a(_udivmoddi4.o)
 .data          0x00000000        0x0 c:/siliconlabs/simplicitystudio/v5/developer/toolchains/gnu_arm/10.3_2021.10/bin/../lib/gcc/arm-none-eabi/10.3.1/thumb/v7-m/nofp\libgcc.a(_udivmoddi4.o)
 .bss           0x00000000        0x0 c:/siliconlabs/simplicitystudio/v5/developer/toolchains/gnu_arm/10.3_2021.10/bin/../lib/gcc/arm-none-eabi/10.3.1/thumb/v7-m/nofp\libgcc.a(_udivmoddi4.o)
 .ARM.extab     0x00000000        0x0 c:/siliconlabs/simplicitystudio/v5/developer/toolchains/gnu_arm/10.3_2021.10/bin/../lib/gcc/arm-none-eabi/10.3.1/thumb/v7-m/nofp\libgcc.a(_udivmoddi4.o)
 .ARM.exidx     0x00000000        0x8 c:/siliconlabs/simplicitystudio/v5/developer/toolchains/gnu_arm/10.3_2021.10/bin/../lib/gcc/arm-none-eabi/10.3.1/thumb/v7-m/nofp\libgcc.a(_udivmoddi4.o)
 .debug_frame   0x00000000       0x34 c:/siliconlabs/simplicitystudio/v5/developer/toolchains/gnu_arm/10.3_2021.10/bin/../lib/gcc/arm-none-eabi/10.3.1/thumb/v7-m/nofp\libgcc.a(_udivmoddi4.o)
 .ARM.attributes
                0x00000000       0x2d c:/siliconlabs/simplicitystudio/v5/developer/toolchains/gnu_arm/10.3_2021.10/bin/../lib/gcc/arm-none-eabi/10.3.1/thumb/v7-m/nofp\libgcc.a(_udivmoddi4.o)
 .text          0x00000000        0x4 c:/siliconlabs/simplicitystudio/v5/developer/toolchains/gnu_arm/10.3_2021.10/bin/../lib/gcc/arm-none-eabi/10.3.1/thumb/v7-m/nofp\libgcc.a(_dvmd_tls.o)
 .data          0x00000000        0x0 c:/siliconlabs/simplicitystudio/v5/developer/toolchains/gnu_arm/10.3_2021.10/bin/../lib/gcc/arm-none-eabi/10.3.1/thumb/v7-m/nofp\libgcc.a(_dvmd_tls.o)
 .bss           0x00000000        0x0 c:/siliconlabs/simplicitystudio/v5/developer/toolchains/gnu_arm/10.3_2021.10/bin/../lib/gcc/arm-none-eabi/10.3.1/thumb/v7-m/nofp\libgcc.a(_dvmd_tls.o)
 .ARM.attributes
                0x00000000       0x1d c:/siliconlabs/simplicitystudio/v5/developer/toolchains/gnu_arm/10.3_2021.10/bin/../lib/gcc/arm-none-eabi/10.3.1/thumb/v7-m/nofp\libgcc.a(_dvmd_tls.o)
 .text          0x00000000        0x0 c:/siliconlabs/simplicitystudio/v5/developer/toolchains/gnu_arm/10.3_2021.10/bin/../lib/gcc/arm-none-eabi/10.3.1/../../../../arm-none-eabi/lib/thumb/v7-m/nofp\libc_nano.a(lib_a-exit.o)
 .data          0x00000000        0x0 c:/siliconlabs/simplicitystudio/v5/developer/toolchains/gnu_arm/10.3_2021.10/bin/../lib/gcc/arm-none-eabi/10.3.1/../../../../arm-none-eabi/lib/thumb/v7-m/nofp\libc_nano.a(lib_a-exit.o)
 .bss           0x00000000        0x0 c:/siliconlabs/simplicitystudio/v5/developer/toolchains/gnu_arm/10.3_2021.10/bin/../lib/gcc/arm-none-eabi/10.3.1/../../../../arm-none-eabi/lib/thumb/v7-m/nofp\libc_nano.a(lib_a-exit.o)
 .text          0x00000000        0x0 c:/siliconlabs/simplicitystudio/v5/developer/toolchains/gnu_arm/10.3_2021.10/bin/../lib/gcc/arm-none-eabi/10.3.1/../../../../arm-none-eabi/lib/thumb/v7-m/nofp\libc_nano.a(lib_a-impure.o)
 .data          0x00000000        0x0 c:/siliconlabs/simplicitystudio/v5/developer/toolchains/gnu_arm/10.3_2021.10/bin/../lib/gcc/arm-none-eabi/10.3.1/../../../../arm-none-eabi/lib/thumb/v7-m/nofp\libc_nano.a(lib_a-impure.o)
 .bss           0x00000000        0x0 c:/siliconlabs/simplicitystudio/v5/developer/toolchains/gnu_arm/10.3_2021.10/bin/../lib/gcc/arm-none-eabi/10.3.1/../../../../arm-none-eabi/lib/thumb/v7-m/nofp\libc_nano.a(lib_a-impure.o)
 .data._impure_ptr
                0x00000000        0x4 c:/siliconlabs/simplicitystudio/v5/developer/toolchains/gnu_arm/10.3_2021.10/bin/../lib/gcc/arm-none-eabi/10.3.1/../../../../arm-none-eabi/lib/thumb/v7-m/nofp\libc_nano.a(lib_a-impure.o)
 .text          0x00000000        0x0 c:/siliconlabs/simplicitystudio/v5/developer/toolchains/gnu_arm/10.3_2021.10/bin/../lib/gcc/arm-none-eabi/10.3.1/../../../../arm-none-eabi/lib/thumb/v7-m/nofp\libc_nano.a(lib_a-init.o)
 .data          0x00000000        0x0 c:/siliconlabs/simplicitystudio/v5/developer/toolchains/gnu_arm/10.3_2021.10/bin/../lib/gcc/arm-none-eabi/10.3.1/../../../../arm-none-eabi/lib/thumb/v7-m/nofp\libc_nano.a(lib_a-init.o)
 .bss           0x00000000        0x0 c:/siliconlabs/simplicitystudio/v5/developer/toolchains/gnu_arm/10.3_2021.10/bin/../lib/gcc/arm-none-eabi/10.3.1/../../../../arm-none-eabi/lib/thumb/v7-m/nofp\libc_nano.a(lib_a-init.o)
 .text          0x00000000        0x0 c:/siliconlabs/simplicitystudio/v5/developer/toolchains/gnu_arm/10.3_2021.10/bin/../lib/gcc/arm-none-eabi/10.3.1/../../../../arm-none-eabi/lib/thumb/v7-m/nofp\libc_nano.a(lib_a-memset.o)
 .data          0x00000000        0x0 c:/siliconlabs/simplicitystudio/v5/developer/toolchains/gnu_arm/10.3_2021.10/bin/../lib/gcc/arm-none-eabi/10.3.1/../../../../arm-none-eabi/lib/thumb/v7-m/nofp\libc_nano.a(lib_a-memset.o)
 .bss           0x00000000        0x0 c:/siliconlabs/simplicitystudio/v5/developer/toolchains/gnu_arm/10.3_2021.10/bin/../lib/gcc/arm-none-eabi/10.3.1/../../../../arm-none-eabi/lib/thumb/v7-m/nofp\libc_nano.a(lib_a-memset.o)
 .text          0x00000000        0x0 c:/siliconlabs/simplicitystudio/v5/developer/toolchains/gnu_arm/10.3_2021.10/bin/../lib/gcc/arm-none-eabi/10.3.1/../../../../arm-none-eabi/lib/thumb/v7-m/nofp\libnosys.a(_exit.o)
 .data          0x00000000        0x0 c:/siliconlabs/simplicitystudio/v5/developer/toolchains/gnu_arm/10.3_2021.10/bin/../lib/gcc/arm-none-eabi/10.3.1/../../../../arm-none-eabi/lib/thumb/v7-m/nofp\libnosys.a(_exit.o)
 .bss           0x00000000        0x0 c:/siliconlabs/simplicitystudio/v5/developer/toolchains/gnu_arm/10.3_2021.10/bin/../lib/gcc/arm-none-eabi/10.3.1/../../../../arm-none-eabi/lib/thumb/v7-m/nofp\libnosys.a(_exit.o)
 .text          0x00000000        0x0 c:/siliconlabs/simplicitystudio/v5/developer/toolchains/gnu_arm/10.3_2021.10/bin/../lib/gcc/arm-none-eabi/10.3.1/thumb/v7-m/nofp/crtend.o
 .data          0x00000000        0x0 c:/siliconlabs/simplicitystudio/v5/developer/toolchains/gnu_arm/10.3_2021.10/bin/../lib/gcc/arm-none-eabi/10.3.1/thumb/v7-m/nofp/crtend.o
 .bss           0x00000000        0x0 c:/siliconlabs/simplicitystudio/v5/developer/toolchains/gnu_arm/10.3_2021.10/bin/../lib/gcc/arm-none-eabi/10.3.1/thumb/v7-m/nofp/crtend.o
 .rodata        0x00000000       0x24 c:/siliconlabs/simplicitystudio/v5/developer/toolchains/gnu_arm/10.3_2021.10/bin/../lib/gcc/arm-none-eabi/10.3.1/thumb/v7-m/nofp/crtend.o
 .eh_frame      0x00000000        0x4 c:/siliconlabs/simplicitystudio/v5/developer/toolchains/gnu_arm/10.3_2021.10/bin/../lib/gcc/arm-none-eabi/10.3.1/thumb/v7-m/nofp/crtend.o
 .ARM.attributes
                0x00000000       0x2d c:/siliconlabs/simplicitystudio/v5/developer/toolchains/gnu_arm/10.3_2021.10/bin/../lib/gcc/arm-none-eabi/10.3.1/thumb/v7-m/nofp/crtend.o
 .text          0x00000000        0x0 c:/siliconlabs/simplicitystudio/v5/developer/toolchains/gnu_arm/10.3_2021.10/bin/../lib/gcc/arm-none-eabi/10.3.1/thumb/v7-m/nofp/crtn.o
 .data          0x00000000        0x0 c:/siliconlabs/simplicitystudio/v5/developer/toolchains/gnu_arm/10.3_2021.10/bin/../lib/gcc/arm-none-eabi/10.3.1/thumb/v7-m/nofp/crtn.o
 .bss           0x00000000        0x0 c:/siliconlabs/simplicitystudio/v5/developer/toolchains/gnu_arm/10.3_2021.10/bin/../lib/gcc/arm-none-eabi/10.3.1/thumb/v7-m/nofp/crtn.o

Memory Configuration

Name             Origin             Length             Attributes
FLASH            0x00000000         0x00100000         xr
RAM              0x20000000         0x00020000         xrw
*default*        0x00000000         0xffffffff

Linker script and memory map

LOAD c:/siliconlabs/simplicitystudio/v5/developer/toolchains/gnu_arm/10.3_2021.10/bin/../lib/gcc/arm-none-eabi/10.3.1/thumb/v7-m/nofp/crti.o
LOAD c:/siliconlabs/simplicitystudio/v5/developer/toolchains/gnu_arm/10.3_2021.10/bin/../lib/gcc/arm-none-eabi/10.3.1/thumb/v7-m/nofp/crtbegin.o
LOAD c:/siliconlabs/simplicitystudio/v5/developer/toolchains/gnu_arm/10.3_2021.10/bin/../lib/gcc/arm-none-eabi/10.3.1/../../../../arm-none-eabi/lib/thumb/v7-m/nofp/crt0.o
START GROUP
LOAD ./app.o
LOAD ./main.o
LOAD ./uart.o
LOAD ./autogen/sl_board_default_init.o
LOAD ./autogen/sl_device_init_clocks.o
LOAD ./autogen/sl_event_handler.o
LOAD ./gecko_sdk_4.3.0/hardware/board/src/sl_board_control_gpio.o
LOAD ./gecko_sdk_4.3.0/hardware/board/src/sl_board_init.o
LOAD ./gecko_sdk_4.3.0/platform/Device/SiliconLabs/EFM32GG/Source/startup_efm32gg.o
LOAD ./gecko_sdk_4.3.0/platform/Device/SiliconLabs/EFM32GG/Source/system_efm32gg.o
LOAD ./gecko_sdk_4.3.0/platform/common/src/sl_assert.o
LOAD ./gecko_sdk_4.3.0/platform/common/toolchain/src/sl_memory.o
LOAD ./gecko_sdk_4.3.0/platform/emlib/src/em_cmu.o
LOAD ./gecko_sdk_4.3.0/platform/emlib/src/em_core.o
LOAD ./gecko_sdk_4.3.0/platform/emlib/src/em_emu.o
LOAD ./gecko_sdk_4.3.0/platform/emlib/src/em_gpio.o
LOAD ./gecko_sdk_4.3.0/platform/emlib/src/em_msc.o
LOAD ./gecko_sdk_4.3.0/platform/emlib/src/em_system.o
LOAD ./gecko_sdk_4.3.0/platform/emlib/src/em_timer.o
LOAD ./gecko_sdk_4.3.0/platform/emlib/src/em_usart.o
LOAD ./gecko_sdk_4.3.0/platform/service/device_init/src/sl_device_init_emu_s0.o
LOAD ./gecko_sdk_4.3.0/platform/service/device_init/src/sl_device_init_hfxo_s0.o
LOAD ./gecko_sdk_4.3.0/platform/service/device_init/src/sl_device_init_lfxo_s0.o
LOAD ./gecko_sdk_4.3.0/platform/service/device_init/src/sl_device_init_nvic.o
LOAD ./gecko_sdk_4.3.0/platform/service/system/src/sl_system_init.o
LOAD ./gecko_sdk_4.3.0/platform/service/system/src/sl_system_process_action.o
LOAD c:/siliconlabs/simplicitystudio/v5/developer/toolchains/gnu_arm/10.3_2021.10/bin/../lib/gcc/arm-none-eabi/10.3.1/thumb/v7-m/nofp\libgcc.a
LOAD c:/siliconlabs/simplicitystudio/v5/developer/toolchains/gnu_arm/10.3_2021.10/bin/../lib/gcc/arm-none-eabi/10.3.1/../../../../arm-none-eabi/lib/thumb/v7-m/nofp\libc_nano.a
LOAD c:/siliconlabs/simplicitystudio/v5/developer/toolchains/gnu_arm/10.3_2021.10/bin/../lib/gcc/arm-none-eabi/10.3.1/../../../../arm-none-eabi/lib/thumb/v7-m/nofp\libm.a
LOAD c:/siliconlabs/simplicitystudio/v5/developer/toolchains/gnu_arm/10.3_2021.10/bin/../lib/gcc/arm-none-eabi/10.3.1/../../../../arm-none-eabi/lib/thumb/v7-m/nofp\libnosys.a
END GROUP
START GROUP
LOAD c:/siliconlabs/simplicitystudio/v5/developer/toolchains/gnu_arm/10.3_2021.10/bin/../lib/gcc/arm-none-eabi/10.3.1/thumb/v7-m/nofp\libgcc.a
LOAD c:/siliconlabs/simplicitystudio/v5/developer/toolchains/gnu_arm/10.3_2021.10/bin/../lib/gcc/arm-none-eabi/10.3.1/../../../../arm-none-eabi/lib/thumb/v7-m/nofp\libc_nano.a
LOAD c:/siliconlabs/simplicitystudio/v5/developer/toolchains/gnu_arm/10.3_2021.10/bin/../lib/gcc/arm-none-eabi/10.3.1/../../../../arm-none-eabi/lib/thumb/v7-m/nofp\libnosys.a
END GROUP
START GROUP
LOAD c:/siliconlabs/simplicitystudio/v5/developer/toolchains/gnu_arm/10.3_2021.10/bin/../lib/gcc/arm-none-eabi/10.3.1/thumb/v7-m/nofp\libgcc.a
LOAD c:/siliconlabs/simplicitystudio/v5/developer/toolchains/gnu_arm/10.3_2021.10/bin/../lib/gcc/arm-none-eabi/10.3.1/../../../../arm-none-eabi/lib/thumb/v7-m/nofp\libg_nano.a
LOAD c:/siliconlabs/simplicitystudio/v5/developer/toolchains/gnu_arm/10.3_2021.10/bin/../lib/gcc/arm-none-eabi/10.3.1/../../../../arm-none-eabi/lib/thumb/v7-m/nofp\libc_nano.a
END GROUP
START GROUP
LOAD c:/siliconlabs/simplicitystudio/v5/developer/toolchains/gnu_arm/10.3_2021.10/bin/../lib/gcc/arm-none-eabi/10.3.1/thumb/v7-m/nofp\libgcc.a
LOAD c:/siliconlabs/simplicitystudio/v5/developer/toolchains/gnu_arm/10.3_2021.10/bin/../lib/gcc/arm-none-eabi/10.3.1/../../../../arm-none-eabi/lib/thumb/v7-m/nofp\libc_nano.a
END GROUP
LOAD c:/siliconlabs/simplicitystudio/v5/developer/toolchains/gnu_arm/10.3_2021.10/bin/../lib/gcc/arm-none-eabi/10.3.1/thumb/v7-m/nofp/crtend.o
LOAD c:/siliconlabs/simplicitystudio/v5/developer/toolchains/gnu_arm/10.3_2021.10/bin/../lib/gcc/arm-none-eabi/10.3.1/thumb/v7-m/nofp/crtn.o

.text           0x00000000     0x16c8
                0x00000000                linker_vectors_begin = .
 *(.vectors)
 .vectors       0x00000000       0xdc ./gecko_sdk_4.3.0/platform/Device/SiliconLabs/EFM32GG/Source/startup_efm32gg.o
                0x00000000                __Vectors
                0x000000dc                linker_vectors_end = .
                0x000000dc                __Vectors_End = .
                0x000000dc                __Vectors_Size = (__Vectors_End - __Vectors)
                0x000000dc                linker_code_begin = .
 *(SORT_BY_ALIGNMENT(.text*))
 .text          0x000000dc       0x40 c:/siliconlabs/simplicitystudio/v5/developer/toolchains/gnu_arm/10.3_2021.10/bin/../lib/gcc/arm-none-eabi/10.3.1/thumb/v7-m/nofp/crtbegin.o
 .text          0x0000011c       0x7c c:/siliconlabs/simplicitystudio/v5/developer/toolchains/gnu_arm/10.3_2021.10/bin/../lib/gcc/arm-none-eabi/10.3.1/../../../../arm-none-eabi/lib/thumb/v7-m/nofp/crt0.o
                0x0000011c                _stack_init
                0x00000124                _start
                0x00000124                _mainCRTStartup
 .text.UART_Init
                0x00000198       0xe8 ./uart.o
                0x00000198                UART_Init
 .text.USART0_RX_IRQHandler
                0x00000280       0x34 ./uart.o
                0x00000280                USART0_RX_IRQHandler
 .text.USART0_TX_IRQHandler
                0x000002b4       0x3c ./uart.o
                0x000002b4                USART0_TX_IRQHandler
 .text.UART_SendByte
                0x000002f0       0x40 ./uart.o
                0x000002f0                UART_SendByte
 .text.SendData
                0x00000330        0xc ./uart.o
                0x00000330                SendData
 .text.sl_device_init_clocks
                0x0000033c       0x50 ./autogen/sl_device_init_clocks.o
                0x0000033c                sl_device_init_clocks
 .text.sl_platform_init
                0x0000038c       0x68 ./autogen/sl_event_handler.o
                0x0000038c                sl_platform_init
 .text.sl_board_init
                0x000003f4       0x18 ./gecko_sdk_4.3.0/hardware/board/src/sl_board_init.o
                0x000003f4                sl_board_init
 .text.sl_board_preinit
                0x0000040c        0xc ./gecko_sdk_4.3.0/hardware/board/src/sl_board_init.o
                0x0000040c                sl_board_preinit
 .text.Reset_Handler
                0x00000418       0x60 ./gecko_sdk_4.3.0/platform/Device/SiliconLabs/EFM32GG/Source/startup_efm32gg.o
                0x00000418                Reset_Handler
 .text.SystemMaxCoreClockGet
                0x00000478        0x8 ./gecko_sdk_4.3.0/platform/Device/SiliconLabs/EFM32GG/Source/system_efm32gg.o
                0x00000478                SystemMaxCoreClockGet
 .text.SystemHFClockGet
                0x00000480       0xc8 ./gecko_sdk_4.3.0/platform/Device/SiliconLabs/EFM32GG/Source/system_efm32gg.o
                0x00000480                SystemHFClockGet
 .text.SystemCoreClockGet
                0x00000548       0x20 ./gecko_sdk_4.3.0/platform/Device/SiliconLabs/EFM32GG/Source/system_efm32gg.o
                0x00000548                SystemCoreClockGet
 .text.SystemHFXOClockGet
                0x00000568        0xc ./gecko_sdk_4.3.0/platform/Device/SiliconLabs/EFM32GG/Source/system_efm32gg.o
                0x00000568                SystemHFXOClockGet
 .text.SystemHFXOClockSet
                0x00000574       0x1c ./gecko_sdk_4.3.0/platform/Device/SiliconLabs/EFM32GG/Source/system_efm32gg.o
                0x00000574                SystemHFXOClockSet
 .text.SystemInit
                0x00000590       0x10 ./gecko_sdk_4.3.0/platform/Device/SiliconLabs/EFM32GG/Source/system_efm32gg.o
                0x00000590                SystemInit
 .text.SystemLFXOClockGet
                0x000005a0        0xc ./gecko_sdk_4.3.0/platform/Device/SiliconLabs/EFM32GG/Source/system_efm32gg.o
                0x000005a0                SystemLFXOClockGet
 .text.auxClkGet
                0x000005ac       0x90 ./gecko_sdk_4.3.0/platform/emlib/src/em_cmu.o
 .text.syncReg  0x0000063c       0x14 ./gecko_sdk_4.3.0/platform/emlib/src/em_cmu.o
 .text.maxFreqHfle
                0x00000650       0x64 ./gecko_sdk_4.3.0/platform/emlib/src/em_cmu.o
 .text.setHfLeConfig
                0x000006b4       0x40 ./gecko_sdk_4.3.0/platform/emlib/src/em_cmu.o
 .text.flashWaitStateControl.constprop.0
                0x000006f4       0x60 ./gecko_sdk_4.3.0/platform/emlib/src/em_cmu.o
 .text.flashWaitStateMax
                0x00000754       0x24 ./gecko_sdk_4.3.0/platform/emlib/src/em_cmu.o
 .text.CMU_UpdateWaitStates
                0x00000778       0x20 ./gecko_sdk_4.3.0/platform/emlib/src/em_cmu.o
                0x00000778                CMU_UpdateWaitStates
 .text.CMU_ClockDivGet
                0x00000798       0xe4 ./gecko_sdk_4.3.0/platform/emlib/src/em_cmu.o
                0x00000798                CMU_ClockDivGet
 .text.CMU_ClockEnable
                0x0000087c       0x90 ./gecko_sdk_4.3.0/platform/emlib/src/em_cmu.o
                0x0000087c                CMU_ClockEnable
 .text.CMU_ClockSelectGet
                0x0000090c       0xcc ./gecko_sdk_4.3.0/platform/emlib/src/em_cmu.o
                0x0000090c                CMU_ClockSelectGet
 .text.lfClkGet
                0x000009d8       0xd4 ./gecko_sdk_4.3.0/platform/emlib/src/em_cmu.o
 .text.CMU_ClockFreqGet
                0x00000aac      0x194 ./gecko_sdk_4.3.0/platform/emlib/src/em_cmu.o
                0x00000aac                CMU_ClockFreqGet
 .text.CMU_HFXOInit
                0x00000c40       0x50 ./gecko_sdk_4.3.0/platform/emlib/src/em_cmu.o
                0x00000c40                CMU_HFXOInit
 .text.CMU_LFXOInit
                0x00000c90       0x74 ./gecko_sdk_4.3.0/platform/emlib/src/em_cmu.o
                0x00000c90                CMU_LFXOInit
 .text.CMU_LFXOPrecisionSet
                0x00000d04        0xc ./gecko_sdk_4.3.0/platform/emlib/src/em_cmu.o
                0x00000d04                CMU_LFXOPrecisionSet
 .text.CMU_HFXOPrecisionSet
                0x00000d10        0xc ./gecko_sdk_4.3.0/platform/emlib/src/em_cmu.o
                0x00000d10                CMU_HFXOPrecisionSet
 .text.CMU_OscillatorEnable
                0x00000d1c       0x58 ./gecko_sdk_4.3.0/platform/emlib/src/em_cmu.o
                0x00000d1c                CMU_OscillatorEnable
 .text.sli_em_cmu_HFClockSelectHFXO
                0x00000d74       0x5c ./gecko_sdk_4.3.0/platform/emlib/src/em_cmu.o
                0x00000d74                sli_em_cmu_HFClockSelectHFXO
 .text.EMU_EM4Init
                0x00000dd0       0x30 ./gecko_sdk_4.3.0/platform/emlib/src/em_emu.o
                0x00000dd0                EMU_EM4Init
 .text.GPIO_PinOutSet
                0x00000e00       0x44 ./gecko_sdk_4.3.0/platform/emlib/src/em_gpio.o
 .text.GPIO_PinOutClear
                0x00000e44       0x44 ./gecko_sdk_4.3.0/platform/emlib/src/em_gpio.o
 .text.GPIO_PinModeSet
                0x00000e88       0x94 ./gecko_sdk_4.3.0/platform/emlib/src/em_gpio.o
                0x00000e88                GPIO_PinModeSet
 .text.SYSTEM_ChipRevisionGet
                0x00000f1c       0x50 ./gecko_sdk_4.3.0/platform/emlib/src/em_system.o
                0x00000f1c                SYSTEM_ChipRevisionGet
 .text.SYSTEM_GetProdRev
                0x00000f6c       0x10 ./gecko_sdk_4.3.0/platform/emlib/src/em_system.o
                0x00000f6c                SYSTEM_GetProdRev
 .text.SYSTEM_GetFamily
                0x00000f7c       0x10 ./gecko_sdk_4.3.0/platform/emlib/src/em_system.o
                0x00000f7c                SYSTEM_GetFamily
 .text.TIMER_Valid
                0x00000f8c       0x2c ./gecko_sdk_4.3.0/platform/emlib/src/em_timer.o
 .text.TIMER_Init
                0x00000fb8       0xc0 ./gecko_sdk_4.3.0/platform/emlib/src/em_timer.o
                0x00000fb8                TIMER_Init
 .text.USART_BaudrateAsyncSet
                0x00001078       0xe0 ./gecko_sdk_4.3.0/platform/emlib/src/em_usart.o
                0x00001078                USART_BaudrateAsyncSet
 .text.USART_Enable
                0x00001158       0x4c ./gecko_sdk_4.3.0/platform/emlib/src/em_usart.o
                0x00001158                USART_Enable
 .text.USART_Reset
                0x000011a4       0x7c ./gecko_sdk_4.3.0/platform/emlib/src/em_usart.o
                0x000011a4                USART_Reset
 .text.USART_InitAsync
                0x00001220       0x94 ./gecko_sdk_4.3.0/platform/emlib/src/em_usart.o
                0x00001220                USART_InitAsync
 .text.sl_device_init_emu
                0x000012b4       0x20 ./gecko_sdk_4.3.0/platform/service/device_init/src/sl_device_init_emu_s0.o
                0x000012b4                sl_device_init_emu
 .text.sl_device_init_hfxo
                0x000012d4       0x2c ./gecko_sdk_4.3.0/platform/service/device_init/src/sl_device_init_hfxo_s0.o
                0x000012d4                sl_device_init_hfxo
 .text.sl_device_init_nvic
                0x00001300       0x3c ./gecko_sdk_4.3.0/platform/service/device_init/src/sl_device_init_nvic.o
                0x00001300                sl_device_init_nvic
 .text.exit     0x0000133c       0x28 c:/siliconlabs/simplicitystudio/v5/developer/toolchains/gnu_arm/10.3_2021.10/bin/../lib/gcc/arm-none-eabi/10.3.1/../../../../arm-none-eabi/lib/thumb/v7-m/nofp\libc_nano.a(lib_a-exit.o)
                0x0000133c                exit
 .text.__libc_init_array
                0x00001364       0x48 c:/siliconlabs/simplicitystudio/v5/developer/toolchains/gnu_arm/10.3_2021.10/bin/../lib/gcc/arm-none-eabi/10.3.1/../../../../arm-none-eabi/lib/thumb/v7-m/nofp\libc_nano.a(lib_a-init.o)
                0x00001364                __libc_init_array
 .text._exit    0x000013ac        0x4 c:/siliconlabs/simplicitystudio/v5/developer/toolchains/gnu_arm/10.3_2021.10/bin/../lib/gcc/arm-none-eabi/10.3.1/../../../../arm-none-eabi/lib/thumb/v7-m/nofp\libnosys.a(_exit.o)
                0x000013ac                _exit
 .text.app_init
                0x000013b0        0x4 ./app.o
                0x000013b0                app_init
 .text.app_process_action
                0x000013b4        0x4 ./app.o
                0x000013b4                app_process_action
 .text.startup.main
                0x000013b8       0x14 ./main.o
                0x000013b8                main
 .text.UART_SendString
                0x000013cc       0x12 ./uart.o
                0x000013cc                UART_SendString
 .text.Process_action
                0x000013de        0x4 ./uart.o
                0x000013de                Process_action
 .text.sl_board_default_init
                0x000013e2        0x2 ./autogen/sl_board_default_init.o
                0x000013e2                sl_board_default_init
 .text.sl_driver_init
                0x000013e4        0x2 ./autogen/sl_event_handler.o
                0x000013e4                sl_driver_init
 .text.sl_service_init
                0x000013e6        0x4 ./autogen/sl_event_handler.o
                0x000013e6                sl_service_init
 .text.sl_stack_init
                0x000013ea        0x2 ./autogen/sl_event_handler.o
                0x000013ea                sl_stack_init
 .text.sl_internal_app_init
                0x000013ec        0x2 ./autogen/sl_event_handler.o
                0x000013ec                sl_internal_app_init
 .text.sl_platform_process_action
                0x000013ee        0x2 ./autogen/sl_event_handler.o
                0x000013ee                sl_platform_process_action
 .text.sl_service_process_action
                0x000013f0        0x2 ./autogen/sl_event_handler.o
                0x000013f0                sl_service_process_action
 .text.sl_stack_process_action
                0x000013f2        0x2 ./autogen/sl_event_handler.o
                0x000013f2                sl_stack_process_action
 .text.sl_internal_app_process_action
                0x000013f4        0x2 ./autogen/sl_event_handler.o
                0x000013f4                sl_internal_app_process_action
 .text.sl_board_configure_vcom
                0x000013f6        0x4 ./gecko_sdk_4.3.0/hardware/board/src/sl_board_control_gpio.o
                0x000013f6                sl_board_configure_vcom
 .text.Default_Handler
                0x000013fa        0x2 ./gecko_sdk_4.3.0/platform/Device/SiliconLabs/EFM32GG/Source/startup_efm32gg.o
                0x000013fa                TIMER2_IRQHandler
                0x000013fa                DebugMon_Handler
                0x000013fa                I2C0_IRQHandler
                0x000013fa                HardFault_Handler
                0x000013fa                LEUART1_IRQHandler
                0x000013fa                SysTick_Handler
                0x000013fa                USART1_RX_IRQHandler
                0x000013fa                PendSV_Handler
                0x000013fa                NMI_Handler
                0x000013fa                I2C1_IRQHandler
                0x000013fa                TIMER3_IRQHandler
                0x000013fa                USART1_TX_IRQHandler
                0x000013fa                MSC_IRQHandler
                0x000013fa                ADC0_IRQHandler
                0x000013fa                UsageFault_Handler
                0x000013fa                LEUART0_IRQHandler
                0x000013fa                GPIO_EVEN_IRQHandler
                0x000013fa                UART0_TX_IRQHandler
                0x000013fa                UART1_TX_IRQHandler
                0x000013fa                RTC_IRQHandler
                0x000013fa                TIMER0_IRQHandler
                0x000013fa                LCD_IRQHandler
                0x000013fa                PCNT2_IRQHandler
                0x000013fa                UART0_RX_IRQHandler
                0x000013fa                LETIMER0_IRQHandler
                0x000013fa                TIMER1_IRQHandler
                0x000013fa                USART2_RX_IRQHandler
                0x000013fa                Default_Handler
                0x000013fa                EMU_IRQHandler
                0x000013fa                PCNT0_IRQHandler
                0x000013fa                sl_app_properties
                0x000013fa                USB_IRQHandler
                0x000013fa                BURTC_IRQHandler
                0x000013fa                PCNT1_IRQHandler
                0x000013fa                ACMP0_IRQHandler
                0x000013fa                MemManage_Handler
                0x000013fa                SVC_Handler
                0x000013fa                DAC0_IRQHandler
                0x000013fa                UART1_RX_IRQHandler
                0x000013fa                CMU_IRQHandler
                0x000013fa                EBI_IRQHandler
                0x000013fa                GPIO_ODD_IRQHandler
                0x000013fa                LESENSE_IRQHandler
                0x000013fa                AES_IRQHandler
                0x000013fa                VCMP_IRQHandler
                0x000013fa                DMA_IRQHandler
                0x000013fa                BusFault_Handler
                0x000013fa                USART2_TX_IRQHandler
 .text.SystemLFRCOClockGet
                0x000013fc        0x6 ./gecko_sdk_4.3.0/platform/Device/SiliconLabs/EFM32GG/Source/system_efm32gg.o
                0x000013fc                SystemLFRCOClockGet
 .text.SystemULFRCOClockGet
                0x00001402        0x6 ./gecko_sdk_4.3.0/platform/Device/SiliconLabs/EFM32GG/Source/system_efm32gg.o
                0x00001402                SystemULFRCOClockGet
 .text.assertEFM
                0x00001408        0x2 ./gecko_sdk_4.3.0/platform/common/src/sl_assert.o
                0x00001408                assertEFM
 .text.SL_Log2ToDiv
                0x0000140a        0x8 ./gecko_sdk_4.3.0/platform/emlib/src/em_cmu.o
 .text.CORE_EnterCritical
                0x00001412        0x8 ./gecko_sdk_4.3.0/platform/emlib/src/em_core.o
                0x00001412                CORE_EnterCritical
 .text.CORE_ExitCritical
                0x0000141a        0x6 ./gecko_sdk_4.3.0/platform/emlib/src/em_core.o
                0x0000141a                CORE_ExitCritical
 .text.BUS_RegMaskedWrite
                0x00001420       0x1e ./gecko_sdk_4.3.0/platform/emlib/src/em_gpio.o
 .text.sl_device_init_lfxo
                0x0000143e       0x24 ./gecko_sdk_4.3.0/platform/service/device_init/src/sl_device_init_lfxo_s0.o
                0x0000143e                sl_device_init_lfxo
 .text.sl_system_init
                0x00001462       0x1a ./gecko_sdk_4.3.0/platform/service/system/src/sl_system_init.o
                0x00001462                sl_system_init
 .text.sl_system_process_action
                0x0000147c       0x16 ./gecko_sdk_4.3.0/platform/service/system/src/sl_system_process_action.o
                0x0000147c                sl_system_process_action
 .text.memset   0x00001492       0x10 c:/siliconlabs/simplicitystudio/v5/developer/toolchains/gnu_arm/10.3_2021.10/bin/../lib/gcc/arm-none-eabi/10.3.1/../../../../arm-none-eabi/lib/thumb/v7-m/nofp\libc_nano.a(lib_a-memset.o)
                0x00001492                memset
                0x000014a2                linker_code_end = .
 *(.init)
 *fill*         0x000014a2        0x2 
 .init          0x000014a4        0x4 c:/siliconlabs/simplicitystudio/v5/developer/toolchains/gnu_arm/10.3_2021.10/bin/../lib/gcc/arm-none-eabi/10.3.1/thumb/v7-m/nofp/crti.o
                0x000014a4                _init
 .init          0x000014a8        0x8 c:/siliconlabs/simplicitystudio/v5/developer/toolchains/gnu_arm/10.3_2021.10/bin/../lib/gcc/arm-none-eabi/10.3.1/thumb/v7-m/nofp/crtn.o
 *(.fini)
 .fini          0x000014b0        0x4 c:/siliconlabs/simplicitystudio/v5/developer/toolchains/gnu_arm/10.3_2021.10/bin/../lib/gcc/arm-none-eabi/10.3.1/thumb/v7-m/nofp/crti.o
                0x000014b0                _fini
 .fini          0x000014b4        0x8 c:/siliconlabs/simplicitystudio/v5/developer/toolchains/gnu_arm/10.3_2021.10/bin/../lib/gcc/arm-none-eabi/10.3.1/thumb/v7-m/nofp/crtn.o
 *crtbegin.o(.ctors)
 *crtbegin?.o(.ctors)
 *(EXCLUDE_FILE(*crtend.o *crtend?.o) .ctors)
 *(SORT_BY_NAME(.ctors.*))
 *(.ctors)
 *crtbegin.o(.dtors)
 *crtbegin?.o(.dtors)
 *(EXCLUDE_FILE(*crtend.o *crtend?.o) .dtors)
 *(SORT_BY_NAME(.dtors.*))
 *(.dtors)
 *(.rodata*)
 .rodata.UART_Init.str1.1
                0x000014bc       0x64 ./uart.o
 .rodata.SendData.str1.1
                0x00001520        0xe ./uart.o
 *fill*         0x0000152e        0x2 
 .rodata        0x00001530       0x18 ./uart.o
 .rodata.auxClkGet.str1.1
                0x00001548       0x2f ./gecko_sdk_4.3.0/platform/emlib/src/em_cmu.o
 .rodata.CSWTCH.40
                0x00001577        0x3 ./gecko_sdk_4.3.0/platform/emlib/src/em_cmu.o
 .rodata.CSWTCH.61
                0x0000157a        0x5 ./gecko_sdk_4.3.0/platform/emlib/src/em_cmu.o
 *fill*         0x0000157f        0x1 
 .rodata.CSWTCH.62
                0x00001580        0xa ./gecko_sdk_4.3.0/platform/emlib/src/em_cmu.o
 .rodata.CSWTCH.63
                0x0000158a        0xa ./gecko_sdk_4.3.0/platform/emlib/src/em_cmu.o
 .rodata.GPIO_PinOutSet.str1.1
                0x00001594       0x63 ./gecko_sdk_4.3.0/platform/emlib/src/em_gpio.o
 .rodata.GPIO_DbgLocationSet.str1.1
                0x000015f7       0x30 ./gecko_sdk_4.3.0/platform/emlib/src/em_gpio.o
 .rodata.SYSTEM_ChipRevisionGet.str1.1
                0x00001627       0x32 ./gecko_sdk_4.3.0/platform/emlib/src/em_system.o
 .rodata.TIMER_Init.str1.1
                0x00001659       0x31 ./gecko_sdk_4.3.0/platform/emlib/src/em_timer.o
 .rodata.USART_BaudrateAsyncSet.str1.1
                0x0000168a       0x31 ./gecko_sdk_4.3.0/platform/emlib/src/em_usart.o
 .rodata        0x000016bb        0x5 ./gecko_sdk_4.3.0/platform/service/device_init/src/sl_device_init_emu_s0.o
 .rodata        0x000016c0        0x4 ./gecko_sdk_4.3.0/platform/service/device_init/src/sl_device_init_hfxo_s0.o
 .rodata._global_impure_ptr
                0x000016c4        0x4 c:/siliconlabs/simplicitystudio/v5/developer/toolchains/gnu_arm/10.3_2021.10/bin/../lib/gcc/arm-none-eabi/10.3.1/../../../../arm-none-eabi/lib/thumb/v7-m/nofp\libc_nano.a(lib_a-impure.o)
                0x000016c4                _global_impure_ptr
 *(.eh_frame*)
 .eh_frame      0x000016c8        0x0 c:/siliconlabs/simplicitystudio/v5/developer/toolchains/gnu_arm/10.3_2021.10/bin/../lib/gcc/arm-none-eabi/10.3.1/thumb/v7-m/nofp/crtbegin.o

.glue_7         0x000016c8        0x0
 .glue_7        0x000016c8        0x0 linker stubs

.glue_7t        0x000016c8        0x0
 .glue_7t       0x000016c8        0x0 linker stubs

.vfp11_veneer   0x000016c8        0x0
 .vfp11_veneer  0x000016c8        0x0 linker stubs

.v4_bx          0x000016c8        0x0
 .v4_bx         0x000016c8        0x0 linker stubs

.iplt           0x000016c8        0x0
 .iplt          0x000016c8        0x0 c:/siliconlabs/simplicitystudio/v5/developer/toolchains/gnu_arm/10.3_2021.10/bin/../lib/gcc/arm-none-eabi/10.3.1/thumb/v7-m/nofp/crtbegin.o

.ARM.extab
 *(.ARM.extab* .gnu.linkonce.armextab.*)
                0x000016c8                __exidx_start = .

.ARM.exidx      0x000016c8        0x8
 *(.ARM.exidx* .gnu.linkonce.armexidx.*)
 .ARM.exidx     0x000016c8        0x8 c:/siliconlabs/simplicitystudio/v5/developer/toolchains/gnu_arm/10.3_2021.10/bin/../lib/gcc/arm-none-eabi/10.3.1/../../../../arm-none-eabi/lib/thumb/v7-m/nofp/crt0.o
                                 0x10 (size before relaxing)
                0x000016d0                __exidx_end = .

.rel.dyn        0x000016d0        0x0
 .rel.iplt      0x000016d0        0x0 c:/siliconlabs/simplicitystudio/v5/developer/toolchains/gnu_arm/10.3_2021.10/bin/../lib/gcc/arm-none-eabi/10.3.1/thumb/v7-m/nofp/crtbegin.o

.copy.table     0x000016d0        0xc
                0x000016d0                . = ALIGN (0x4)
                0x000016d0                __copy_table_start__ = .
                0x000016d0        0x4 LONG 0x16dc __etext
                0x000016d4        0x4 LONG 0x20001000 __data_start__
                0x000016d8        0x4 LONG 0x1e ((__data_end__ - __data_start__) / 0x4)
                0x000016dc                __copy_table_end__ = .

.zero.table     0x000016dc        0x0
                0x000016dc                . = ALIGN (0x4)
                0x000016dc                __zero_table_start__ = .
                0x000016dc                __zero_table_end__ = .
                0x000016dc                __etext = .
                0x20000000                . = ORIGIN (RAM)

.stack          0x20000000     0x1000
                0x20000000                __StackLimit = .
 *(.stack*)
 .stack         0x20000000     0x1000 ./gecko_sdk_4.3.0/platform/common/toolchain/src/sl_memory.o
                0x20001000                . = ALIGN (0x4)
                0x20001000                __StackTop = .
                0x20001000                PROVIDE (__stack = __StackTop)

.noinit
 *(.noinit*)

.data           0x20001000       0x78 load address 0x000016dc
                0x20001000                . = ALIGN (0x4)
                0x20001000                __data_start__ = .
 *(vtable)
 *(SORT_BY_ALIGNMENT(.data*))
 .data.SystemCoreClock
                0x20001000        0x4 ./gecko_sdk_4.3.0/platform/Device/SiliconLabs/EFM32GG/Source/system_efm32gg.o
                0x20001000                SystemCoreClock
 .data.SystemHFXOClock
                0x20001004        0x4 ./gecko_sdk_4.3.0/platform/Device/SiliconLabs/EFM32GG/Source/system_efm32gg.o
 .data.SystemLFXOClock
                0x20001008        0x4 ./gecko_sdk_4.3.0/platform/Device/SiliconLabs/EFM32GG/Source/system_efm32gg.o
 .data.impure_data
                0x2000100c       0x60 c:/siliconlabs/simplicitystudio/v5/developer/toolchains/gnu_arm/10.3_2021.10/bin/../lib/gcc/arm-none-eabi/10.3.1/../../../../arm-none-eabi/lib/thumb/v7-m/nofp\libc_nano.a(lib_a-impure.o)
 .data.hfxo_precision
                0x2000106c        0x2 ./gecko_sdk_4.3.0/platform/emlib/src/em_cmu.o
 .data.lfxo_precision
                0x2000106e        0x2 ./gecko_sdk_4.3.0/platform/emlib/src/em_cmu.o
                0x20001070                . = ALIGN (0x4)
                [!provide]                PROVIDE (__ram_func_section_start = .)
 *(.ram)
                [!provide]                PROVIDE (__ram_func_section_end = .)
                0x20001070                . = ALIGN (0x4)
                0x20001070                PROVIDE (__preinit_array_start = .)
 *(.preinit_array)
                0x20001070                PROVIDE (__preinit_array_end = .)
                0x20001070                . = ALIGN (0x4)
                0x20001070                PROVIDE (__init_array_start = .)
 *(SORT_BY_NAME(.init_array.*))
 *(.init_array)
 .init_array    0x20001070        0x4 c:/siliconlabs/simplicitystudio/v5/developer/toolchains/gnu_arm/10.3_2021.10/bin/../lib/gcc/arm-none-eabi/10.3.1/thumb/v7-m/nofp/crtbegin.o
                0x20001074                PROVIDE (__init_array_end = .)
                0x20001074                . = ALIGN (0x4)
                [!provide]                PROVIDE (__fini_array_start = .)
 *(SORT_BY_NAME(.fini_array.*))
 *(.fini_array)
 .fini_array    0x20001074        0x4 c:/siliconlabs/simplicitystudio/v5/developer/toolchains/gnu_arm/10.3_2021.10/bin/../lib/gcc/arm-none-eabi/10.3.1/thumb/v7-m/nofp/crtbegin.o
                [!provide]                PROVIDE (__fini_array_end = .)
                0x20001078                . = ALIGN (0x4)
                0x20001078                __data_end__ = .

.igot.plt       0x20001078        0x0 load address 0x00001754
 .igot.plt      0x20001078        0x0 c:/siliconlabs/simplicitystudio/v5/developer/toolchains/gnu_arm/10.3_2021.10/bin/../lib/gcc/arm-none-eabi/10.3.1/thumb/v7-m/nofp/crtbegin.o

.bss            0x20001078      0x124 load address 0x00001754
                0x20001078                . = ALIGN (0x4)
                0x20001078                __bss_start__ = .
 *(SORT_BY_ALIGNMENT(.bss*))
 .bss           0x20001078       0x1c c:/siliconlabs/simplicitystudio/v5/developer/toolchains/gnu_arm/10.3_2021.10/bin/../lib/gcc/arm-none-eabi/10.3.1/thumb/v7-m/nofp/crtbegin.o
 .bss.uartRxIndex
                0x20001094        0x4 ./uart.o
                0x20001094                uartRxIndex
 .bss.uartTxIndex
                0x20001098        0x4 ./uart.o
                0x20001098                uartTxIndex
 .bss.rxBuffer  0x2000109c       0x80 ./uart.o
                0x2000109c                rxBuffer
 .bss.uartTxBuffer
                0x2000111c       0x80 ./uart.o
                0x2000111c                uartTxBuffer
 *(COMMON)
                0x2000119c                . = ALIGN (0x4)
                0x2000119c                __bss_end__ = .

.heap           0x200011a0      0x800
                0x200011a0                __HeapBase = .
                0x200011a0                __end__ = .
                0x200011a0                end = __end__
                0x200011a0                _end = __end__
 *(.heap*)
 .heap          0x200011a0      0x800 ./gecko_sdk_4.3.0/platform/common/toolchain/src/sl_memory.o
                0x20020000                __HeapLimit = (ORIGIN (RAM) + LENGTH (RAM))
                0x0001ee60                __heap_size = (__HeapLimit - __HeapBase)
                0x20020000                __ram_end__ = 0x20020000
                0x00100000                __main_flash_end__ = 0x100000

.internal_storage
                0x000016dc        0x0
 *(.internal_storage*)

.nvm            0x000016dc        0x0
 *(.simee*)
                0x00100000                linker_nvm_end = __main_flash_end__
                0x00100000                linker_nvm_begin = (linker_nvm_end - SIZEOF (.nvm))
                0x00000000                linker_nvm_size = SIZEOF (.nvm)
                0x00100000                linker_storage_end = linker_nvm_begin
                0x00100000                __nvm3Base = linker_nvm_begin
                0x00100000                linker_storage_begin = (linker_storage_end - SIZEOF (.internal_storage))
                0x00000000                linker_storage_size = SIZEOF (.internal_storage)
                0x00000001                ASSERT ((linker_storage_begin >= (__etext + SIZEOF (.data))), FLASH memory overflowed !)
OUTPUT(UART_CC3.axf elf32-littlearm)
LOAD linker stubs

.ARM.attributes
                0x00000000       0x29
 .ARM.attributes
                0x00000000       0x1d c:/siliconlabs/simplicitystudio/v5/developer/toolchains/gnu_arm/10.3_2021.10/bin/../lib/gcc/arm-none-eabi/10.3.1/thumb/v7-m/nofp/crti.o
 .ARM.attributes
                0x0000001d       0x2d c:/siliconlabs/simplicitystudio/v5/developer/toolchains/gnu_arm/10.3_2021.10/bin/../lib/gcc/arm-none-eabi/10.3.1/thumb/v7-m/nofp/crtbegin.o
 .ARM.attributes
                0x0000004a       0x1b c:/siliconlabs/simplicitystudio/v5/developer/toolchains/gnu_arm/10.3_2021.10/bin/../lib/gcc/arm-none-eabi/10.3.1/../../../../arm-none-eabi/lib/thumb/v7-m/nofp/crt0.o
 .ARM.attributes
                0x00000065       0x2d ./app.o
 .ARM.attributes
                0x00000092       0x2d ./main.o
 .ARM.attributes
                0x000000bf       0x2d ./uart.o
 .ARM.attributes
                0x000000ec       0x2d ./autogen/sl_board_default_init.o
 .ARM.attributes
                0x00000119       0x2d ./autogen/sl_device_init_clocks.o
 .ARM.attributes
                0x00000146       0x2d ./autogen/sl_event_handler.o
 .ARM.attributes
                0x00000173       0x2d ./gecko_sdk_4.3.0/hardware/board/src/sl_board_control_gpio.o
 .ARM.attributes
                0x000001a0       0x2d ./gecko_sdk_4.3.0/hardware/board/src/sl_board_init.o
 .ARM.attributes
                0x000001cd       0x2d ./gecko_sdk_4.3.0/platform/Device/SiliconLabs/EFM32GG/Source/startup_efm32gg.o
 .ARM.attributes
                0x000001fa       0x2d ./gecko_sdk_4.3.0/platform/Device/SiliconLabs/EFM32GG/Source/system_efm32gg.o
 .ARM.attributes
                0x00000227       0x2d ./gecko_sdk_4.3.0/platform/common/src/sl_assert.o
 .ARM.attributes
                0x00000254       0x2d ./gecko_sdk_4.3.0/platform/common/toolchain/src/sl_memory.o
 .ARM.attributes
                0x00000281       0x2d ./gecko_sdk_4.3.0/platform/emlib/src/em_cmu.o
 .ARM.attributes
                0x000002ae       0x2d ./gecko_sdk_4.3.0/platform/emlib/src/em_core.o
 .ARM.attributes
                0x000002db       0x2d ./gecko_sdk_4.3.0/platform/emlib/src/em_emu.o
 .ARM.attributes
                0x00000308       0x2d ./gecko_sdk_4.3.0/platform/emlib/src/em_gpio.o
 .ARM.attributes
                0x00000335       0x2d ./gecko_sdk_4.3.0/platform/emlib/src/em_system.o
 .ARM.attributes
                0x00000362       0x2d ./gecko_sdk_4.3.0/platform/emlib/src/em_timer.o
 .ARM.attributes
                0x0000038f       0x2d ./gecko_sdk_4.3.0/platform/emlib/src/em_usart.o
 .ARM.attributes
                0x000003bc       0x2d ./gecko_sdk_4.3.0/platform/service/device_init/src/sl_device_init_emu_s0.o
 .ARM.attributes
                0x000003e9       0x2d ./gecko_sdk_4.3.0/platform/service/device_init/src/sl_device_init_hfxo_s0.o
 .ARM.attributes
                0x00000416       0x2d ./gecko_sdk_4.3.0/platform/service/device_init/src/sl_device_init_lfxo_s0.o
 .ARM.attributes
                0x00000443       0x2d ./gecko_sdk_4.3.0/platform/service/device_init/src/sl_device_init_nvic.o
 .ARM.attributes
                0x00000470       0x2d ./gecko_sdk_4.3.0/platform/service/system/src/sl_system_init.o
 .ARM.attributes
                0x0000049d       0x2d ./gecko_sdk_4.3.0/platform/service/system/src/sl_system_process_action.o
 .ARM.attributes
                0x000004ca       0x2d c:/siliconlabs/simplicitystudio/v5/developer/toolchains/gnu_arm/10.3_2021.10/bin/../lib/gcc/arm-none-eabi/10.3.1/../../../../arm-none-eabi/lib/thumb/v7-m/nofp\libc_nano.a(lib_a-exit.o)
 .ARM.attributes
                0x000004f7       0x2d c:/siliconlabs/simplicitystudio/v5/developer/toolchains/gnu_arm/10.3_2021.10/bin/../lib/gcc/arm-none-eabi/10.3.1/../../../../arm-none-eabi/lib/thumb/v7-m/nofp\libc_nano.a(lib_a-impure.o)
 .ARM.attributes
                0x00000524       0x2d c:/siliconlabs/simplicitystudio/v5/developer/toolchains/gnu_arm/10.3_2021.10/bin/../lib/gcc/arm-none-eabi/10.3.1/../../../../arm-none-eabi/lib/thumb/v7-m/nofp\libc_nano.a(lib_a-init.o)
 .ARM.attributes
                0x00000551       0x2d c:/siliconlabs/simplicitystudio/v5/developer/toolchains/gnu_arm/10.3_2021.10/bin/../lib/gcc/arm-none-eabi/10.3.1/../../../../arm-none-eabi/lib/thumb/v7-m/nofp\libc_nano.a(lib_a-memset.o)
 .ARM.attributes
                0x0000057e       0x2d c:/siliconlabs/simplicitystudio/v5/developer/toolchains/gnu_arm/10.3_2021.10/bin/../lib/gcc/arm-none-eabi/10.3.1/../../../../arm-none-eabi/lib/thumb/v7-m/nofp\libnosys.a(_exit.o)
 .ARM.attributes
                0x000005ab       0x1d c:/siliconlabs/simplicitystudio/v5/developer/toolchains/gnu_arm/10.3_2021.10/bin/../lib/gcc/arm-none-eabi/10.3.1/thumb/v7-m/nofp/crtn.o

.comment        0x00000000       0x49
 .comment       0x00000000       0x49 ./app.o
                                 0x4a (size before relaxing)
 .comment       0x00000049       0x4a ./main.o
 .comment       0x00000049       0x4a ./uart.o
 .comment       0x00000049       0x4a ./autogen/sl_board_default_init.o
 .comment       0x00000049       0x4a ./autogen/sl_device_init_clocks.o
 .comment       0x00000049       0x4a ./autogen/sl_event_handler.o
 .comment       0x00000049       0x4a ./gecko_sdk_4.3.0/hardware/board/src/sl_board_control_gpio.o
 .comment       0x00000049       0x4a ./gecko_sdk_4.3.0/hardware/board/src/sl_board_init.o
 .comment       0x00000049       0x4a ./gecko_sdk_4.3.0/platform/Device/SiliconLabs/EFM32GG/Source/startup_efm32gg.o
 .comment       0x00000049       0x4a ./gecko_sdk_4.3.0/platform/Device/SiliconLabs/EFM32GG/Source/system_efm32gg.o
 .comment       0x00000049       0x4a ./gecko_sdk_4.3.0/platform/common/src/sl_assert.o
 .comment       0x00000049       0x4a ./gecko_sdk_4.3.0/platform/common/toolchain/src/sl_memory.o
 .comment       0x00000049       0x4a ./gecko_sdk_4.3.0/platform/emlib/src/em_cmu.o
 .comment       0x00000049       0x4a ./gecko_sdk_4.3.0/platform/emlib/src/em_core.o
 .comment       0x00000049       0x4a ./gecko_sdk_4.3.0/platform/emlib/src/em_emu.o
 .comment       0x00000049       0x4a ./gecko_sdk_4.3.0/platform/emlib/src/em_gpio.o
 .comment       0x00000049       0x4a ./gecko_sdk_4.3.0/platform/emlib/src/em_system.o
 .comment       0x00000049       0x4a ./gecko_sdk_4.3.0/platform/emlib/src/em_timer.o
 .comment       0x00000049       0x4a ./gecko_sdk_4.3.0/platform/emlib/src/em_usart.o
 .comment       0x00000049       0x4a ./gecko_sdk_4.3.0/platform/service/device_init/src/sl_device_init_emu_s0.o
 .comment       0x00000049       0x4a ./gecko_sdk_4.3.0/platform/service/device_init/src/sl_device_init_hfxo_s0.o
 .comment       0x00000049       0x4a ./gecko_sdk_4.3.0/platform/service/device_init/src/sl_device_init_lfxo_s0.o
 .comment       0x00000049       0x4a ./gecko_sdk_4.3.0/platform/service/device_init/src/sl_device_init_nvic.o
 .comment       0x00000049       0x4a ./gecko_sdk_4.3.0/platform/service/system/src/sl_system_init.o
 .comment       0x00000049       0x4a ./gecko_sdk_4.3.0/platform/service/system/src/sl_system_process_action.o

.debug_info     0x00000000     0xc542
 .debug_info    0x00000000       0xbf ./app.o
 .debug_info    0x000000bf       0xad ./main.o
 .debug_info    0x0000016c     0x14a1 ./uart.o
 .debug_info    0x0000160d       0x86 ./autogen/sl_board_default_init.o
 .debug_info    0x00001693      0x52e ./autogen/sl_device_init_clocks.o
 .debug_info    0x00001bc1      0x428 ./autogen/sl_event_handler.o
 .debug_info    0x00001fe9      0x4bc ./gecko_sdk_4.3.0/hardware/board/src/sl_board_control_gpio.o
 .debug_info    0x000024a5      0x28c ./gecko_sdk_4.3.0/hardware/board/src/sl_board_init.o
 .debug_info    0x00002731      0x326 ./gecko_sdk_4.3.0/platform/Device/SiliconLabs/EFM32GG/Source/startup_efm32gg.o
 .debug_info    0x00002a57      0x828 ./gecko_sdk_4.3.0/platform/Device/SiliconLabs/EFM32GG/Source/system_efm32gg.o
 .debug_info    0x0000327f       0x86 ./gecko_sdk_4.3.0/platform/common/src/sl_assert.o
 .debug_info    0x00003305      0x205 ./gecko_sdk_4.3.0/platform/common/toolchain/src/sl_memory.o
 .debug_info    0x0000350a     0x2baf ./gecko_sdk_4.3.0/platform/emlib/src/em_cmu.o
 .debug_info    0x000060b9     0x1158 ./gecko_sdk_4.3.0/platform/emlib/src/em_core.o
 .debug_info    0x00007211     0x167c ./gecko_sdk_4.3.0/platform/emlib/src/em_emu.o
 .debug_info    0x0000888d      0xa38 ./gecko_sdk_4.3.0/platform/emlib/src/em_gpio.o
 .debug_info    0x000092c5      0x661 ./gecko_sdk_4.3.0/platform/emlib/src/em_system.o
 .debug_info    0x00009926      0xbbc ./gecko_sdk_4.3.0/platform/emlib/src/em_timer.o
 .debug_info    0x0000a4e2     0x140e ./gecko_sdk_4.3.0/platform/emlib/src/em_usart.o
 .debug_info    0x0000b8f0      0x17f ./gecko_sdk_4.3.0/platform/service/device_init/src/sl_device_init_emu_s0.o
 .debug_info    0x0000ba6f      0x1d6 ./gecko_sdk_4.3.0/platform/service/device_init/src/sl_device_init_hfxo_s0.o
 .debug_info    0x0000bc45      0x1d9 ./gecko_sdk_4.3.0/platform/service/device_init/src/sl_device_init_lfxo_s0.o
 .debug_info    0x0000be1e      0x5c7 ./gecko_sdk_4.3.0/platform/service/device_init/src/sl_device_init_nvic.o
 .debug_info    0x0000c3e5       0xba ./gecko_sdk_4.3.0/platform/service/system/src/sl_system_init.o
 .debug_info    0x0000c49f       0xa3 ./gecko_sdk_4.3.0/platform/service/system/src/sl_system_process_action.o

.debug_abbrev   0x00000000     0x2b47
 .debug_abbrev  0x00000000       0x79 ./app.o
 .debug_abbrev  0x00000079       0x5e ./main.o
 .debug_abbrev  0x000000d7      0x33f ./uart.o
 .debug_abbrev  0x00000416       0x46 ./autogen/sl_board_default_init.o
 .debug_abbrev  0x0000045c      0x123 ./autogen/sl_device_init_clocks.o
 .debug_abbrev  0x0000057f      0x1ce ./autogen/sl_event_handler.o
 .debug_abbrev  0x0000074d      0x196 ./gecko_sdk_4.3.0/hardware/board/src/sl_board_control_gpio.o
 .debug_abbrev  0x000008e3       0xe8 ./gecko_sdk_4.3.0/hardware/board/src/sl_board_init.o
 .debug_abbrev  0x000009cb      0x1c9 ./gecko_sdk_4.3.0/platform/Device/SiliconLabs/EFM32GG/Source/startup_efm32gg.o
 .debug_abbrev  0x00000b94      0x246 ./gecko_sdk_4.3.0/platform/Device/SiliconLabs/EFM32GG/Source/system_efm32gg.o
 .debug_abbrev  0x00000dda       0x6c ./gecko_sdk_4.3.0/platform/common/src/sl_assert.o
 .debug_abbrev  0x00000e46      0x11e ./gecko_sdk_4.3.0/platform/common/toolchain/src/sl_memory.o
 .debug_abbrev  0x00000f64      0x4c9 ./gecko_sdk_4.3.0/platform/emlib/src/em_cmu.o
 .debug_abbrev  0x0000142d      0x338 ./gecko_sdk_4.3.0/platform/emlib/src/em_core.o
 .debug_abbrev  0x00001765      0x418 ./gecko_sdk_4.3.0/platform/emlib/src/em_emu.o
 .debug_abbrev  0x00001b7d      0x2db ./gecko_sdk_4.3.0/platform/emlib/src/em_gpio.o
 .debug_abbrev  0x00001e58      0x272 ./gecko_sdk_4.3.0/platform/emlib/src/em_system.o
 .debug_abbrev  0x000020ca      0x270 ./gecko_sdk_4.3.0/platform/emlib/src/em_timer.o
 .debug_abbrev  0x0000233a      0x319 ./gecko_sdk_4.3.0/platform/emlib/src/em_usart.o
 .debug_abbrev  0x00002653       0xf1 ./gecko_sdk_4.3.0/platform/service/device_init/src/sl_device_init_emu_s0.o
 .debug_abbrev  0x00002744      0x103 ./gecko_sdk_4.3.0/platform/service/device_init/src/sl_device_init_hfxo_s0.o
 .debug_abbrev  0x00002847       0xef ./gecko_sdk_4.3.0/platform/service/device_init/src/sl_device_init_lfxo_s0.o
 .debug_abbrev  0x00002936      0x153 ./gecko_sdk_4.3.0/platform/service/device_init/src/sl_device_init_nvic.o
 .debug_abbrev  0x00002a89       0x5f ./gecko_sdk_4.3.0/platform/service/system/src/sl_system_init.o
 .debug_abbrev  0x00002ae8       0x5f ./gecko_sdk_4.3.0/platform/service/system/src/sl_system_process_action.o

.debug_aranges  0x00000000      0x838
 .debug_aranges
                0x00000000       0x28 ./app.o
 .debug_aranges
                0x00000028       0x20 ./main.o
 .debug_aranges
                0x00000048       0x58 ./uart.o
 .debug_aranges
                0x000000a0       0x20 ./autogen/sl_board_default_init.o
 .debug_aranges
                0x000000c0       0x20 ./autogen/sl_device_init_clocks.o
 .debug_aranges
                0x000000e0       0x30 ./autogen/sl_event_handler.o
 .debug_aranges
                0x00000110       0x68 ./gecko_sdk_4.3.0/hardware/board/src/sl_board_control_gpio.o
 .debug_aranges
                0x00000178       0x28 ./gecko_sdk_4.3.0/hardware/board/src/sl_board_init.o
 .debug_aranges
                0x000001a0       0x28 ./gecko_sdk_4.3.0/platform/Device/SiliconLabs/EFM32GG/Source/startup_efm32gg.o
 .debug_aranges
                0x000001c8       0x68 ./gecko_sdk_4.3.0/platform/Device/SiliconLabs/EFM32GG/Source/system_efm32gg.o
 .debug_aranges
                0x00000230       0x20 ./gecko_sdk_4.3.0/platform/common/src/sl_assert.o
 .debug_aranges
                0x00000250       0x30 ./gecko_sdk_4.3.0/platform/common/toolchain/src/sl_memory.o
 .debug_aranges
                0x00000280      0x188 ./gecko_sdk_4.3.0/platform/emlib/src/em_cmu.o
 .debug_aranges
                0x00000408       0xe8 ./gecko_sdk_4.3.0/platform/emlib/src/em_core.o
 .debug_aranges
                0x000004f0       0xb8 ./gecko_sdk_4.3.0/platform/emlib/src/em_emu.o
 .debug_aranges
                0x000005a8       0x60 ./gecko_sdk_4.3.0/platform/emlib/src/em_gpio.o
 .debug_aranges
                0x00000608       0x78 ./gecko_sdk_4.3.0/platform/emlib/src/em_system.o
 .debug_aranges
                0x00000680       0x40 ./gecko_sdk_4.3.0/platform/emlib/src/em_timer.o
 .debug_aranges
                0x000006c0       0xb8 ./gecko_sdk_4.3.0/platform/emlib/src/em_usart.o
 .debug_aranges
                0x00000778       0x20 ./gecko_sdk_4.3.0/platform/service/device_init/src/sl_device_init_emu_s0.o
 .debug_aranges
                0x00000798       0x20 ./gecko_sdk_4.3.0/platform/service/device_init/src/sl_device_init_hfxo_s0.o
 .debug_aranges
                0x000007b8       0x20 ./gecko_sdk_4.3.0/platform/service/device_init/src/sl_device_init_lfxo_s0.o
 .debug_aranges
                0x000007d8       0x20 ./gecko_sdk_4.3.0/platform/service/device_init/src/sl_device_init_nvic.o
 .debug_aranges
                0x000007f8       0x20 ./gecko_sdk_4.3.0/platform/service/system/src/sl_system_init.o
 .debug_aranges
                0x00000818       0x20 ./gecko_sdk_4.3.0/platform/service/system/src/sl_system_process_action.o

.debug_ranges   0x00000000      0xc70
 .debug_ranges  0x00000000       0x18 ./app.o
 .debug_ranges  0x00000018       0x10 ./main.o
 .debug_ranges  0x00000028       0xc0 ./uart.o
 .debug_ranges  0x000000e8       0x10 ./autogen/sl_board_default_init.o
 .debug_ranges  0x000000f8       0x10 ./autogen/sl_device_init_clocks.o
 .debug_ranges  0x00000108       0x20 ./autogen/sl_event_handler.o
 .debug_ranges  0x00000128       0x58 ./gecko_sdk_4.3.0/hardware/board/src/sl_board_control_gpio.o
 .debug_ranges  0x00000180       0x18 ./gecko_sdk_4.3.0/hardware/board/src/sl_board_init.o
 .debug_ranges  0x00000198       0x80 ./gecko_sdk_4.3.0/platform/Device/SiliconLabs/EFM32GG/Source/startup_efm32gg.o
 .debug_ranges  0x00000218       0x88 ./gecko_sdk_4.3.0/platform/Device/SiliconLabs/EFM32GG/Source/system_efm32gg.o
 .debug_ranges  0x000002a0       0x10 ./gecko_sdk_4.3.0/platform/common/src/sl_assert.o
 .debug_ranges  0x000002b0       0x20 ./gecko_sdk_4.3.0/platform/common/toolchain/src/sl_memory.o
 .debug_ranges  0x000002d0      0x2e0 ./gecko_sdk_4.3.0/platform/emlib/src/em_cmu.o
 .debug_ranges  0x000005b0      0x1a0 ./gecko_sdk_4.3.0/platform/emlib/src/em_core.o
 .debug_ranges  0x00000750      0x1a0 ./gecko_sdk_4.3.0/platform/emlib/src/em_emu.o
 .debug_ranges  0x000008f0      0x100 ./gecko_sdk_4.3.0/platform/emlib/src/em_gpio.o
 .debug_ranges  0x000009f0       0x68 ./gecko_sdk_4.3.0/platform/emlib/src/em_system.o
 .debug_ranges  0x00000a58       0xd8 ./gecko_sdk_4.3.0/platform/emlib/src/em_timer.o
 .debug_ranges  0x00000b30       0xa8 ./gecko_sdk_4.3.0/platform/emlib/src/em_usart.o
 .debug_ranges  0x00000bd8       0x10 ./gecko_sdk_4.3.0/platform/service/device_init/src/sl_device_init_emu_s0.o
 .debug_ranges  0x00000be8       0x10 ./gecko_sdk_4.3.0/platform/service/device_init/src/sl_device_init_hfxo_s0.o
 .debug_ranges  0x00000bf8       0x10 ./gecko_sdk_4.3.0/platform/service/device_init/src/sl_device_init_lfxo_s0.o
 .debug_ranges  0x00000c08       0x48 ./gecko_sdk_4.3.0/platform/service/device_init/src/sl_device_init_nvic.o
 .debug_ranges  0x00000c50       0x10 ./gecko_sdk_4.3.0/platform/service/system/src/sl_system_init.o
 .debug_ranges  0x00000c60       0x10 ./gecko_sdk_4.3.0/platform/service/system/src/sl_system_process_action.o

.debug_line     0x00000000     0x7ded
 .debug_line    0x00000000       0x51 ./app.o
 .debug_line    0x00000051       0xf9 ./main.o
 .debug_line    0x0000014a      0x638 ./uart.o
 .debug_line    0x00000782       0x55 ./autogen/sl_board_default_init.o
 .debug_line    0x000007d7      0x2cf ./autogen/sl_device_init_clocks.o
 .debug_line    0x00000aa6      0x436 ./autogen/sl_event_handler.o
 .debug_line    0x00000edc      0x44b ./gecko_sdk_4.3.0/hardware/board/src/sl_board_control_gpio.o
 .debug_line    0x00001327       0xf0 ./gecko_sdk_4.3.0/hardware/board/src/sl_board_init.o
 .debug_line    0x00001417      0x309 ./gecko_sdk_4.3.0/platform/Device/SiliconLabs/EFM32GG/Source/startup_efm32gg.o
 .debug_line    0x00001720      0x469 ./gecko_sdk_4.3.0/platform/Device/SiliconLabs/EFM32GG/Source/system_efm32gg.o
 .debug_line    0x00001b89       0x85 ./gecko_sdk_4.3.0/platform/common/src/sl_assert.o
 .debug_line    0x00001c0e      0x2d9 ./gecko_sdk_4.3.0/platform/common/toolchain/src/sl_memory.o
 .debug_line    0x00001ee7     0x1d9c ./gecko_sdk_4.3.0/platform/emlib/src/em_cmu.o
 .debug_line    0x00003c83      0xaa0 ./gecko_sdk_4.3.0/platform/emlib/src/em_core.o
 .debug_line    0x00004723      0xbc9 ./gecko_sdk_4.3.0/platform/emlib/src/em_emu.o
 .debug_line    0x000052ec      0x724 ./gecko_sdk_4.3.0/platform/emlib/src/em_gpio.o
 .debug_line    0x00005a10      0x508 ./gecko_sdk_4.3.0/platform/emlib/src/em_system.o
 .debug_line    0x00005f18      0x6df ./gecko_sdk_4.3.0/platform/emlib/src/em_timer.o
 .debug_line    0x000065f7      0xb84 ./gecko_sdk_4.3.0/platform/emlib/src/em_usart.o
 .debug_line    0x0000717b      0x254 ./gecko_sdk_4.3.0/platform/service/device_init/src/sl_device_init_emu_s0.o
 .debug_line    0x000073cf      0x2d9 ./gecko_sdk_4.3.0/platform/service/device_init/src/sl_device_init_hfxo_s0.o
 .debug_line    0x000076a8      0x25b ./gecko_sdk_4.3.0/platform/service/device_init/src/sl_device_init_lfxo_s0.o
 .debug_line    0x00007903      0x33b ./gecko_sdk_4.3.0/platform/service/device_init/src/sl_device_init_nvic.o
 .debug_line    0x00007c3e       0xd3 ./gecko_sdk_4.3.0/platform/service/system/src/sl_system_init.o
 .debug_line    0x00007d11       0xdc ./gecko_sdk_4.3.0/platform/service/system/src/sl_system_process_action.o

.debug_str      0x00000000     0x3ea8
 .debug_str     0x00000000      0x13a ./app.o
                                0x156 (size before relaxing)
 .debug_str     0x0000013a       0x37 ./main.o
                                0x16b (size before relaxing)
 .debug_str     0x00000171      0xf75 ./uart.o
                               0x1134 (size before relaxing)
 .debug_str     0x000010e6       0x39 ./autogen/sl_board_default_init.o
                                0x1d5 (size before relaxing)
 .debug_str     0x0000111f      0x19b ./autogen/sl_device_init_clocks.o
                                0x621 (size before relaxing)
 .debug_str     0x000012ba      0x231 ./autogen/sl_event_handler.o
                                0x438 (size before relaxing)
 .debug_str     0x000014eb      0x299 ./gecko_sdk_4.3.0/hardware/board/src/sl_board_control_gpio.o
                                0x66e (size before relaxing)
 .debug_str     0x00001784       0x36 ./gecko_sdk_4.3.0/hardware/board/src/sl_board_init.o
                                0x48a (size before relaxing)
 .debug_str     0x000017ba      0x145 ./gecko_sdk_4.3.0/platform/Device/SiliconLabs/EFM32GG/Source/startup_efm32gg.o
                                0x2fc (size before relaxing)
 .debug_str     0x000018ff      0x1fa ./gecko_sdk_4.3.0/platform/Device/SiliconLabs/EFM32GG/Source/system_efm32gg.o
                                0x53c (size before relaxing)
 .debug_str     0x00001af9       0x3d ./gecko_sdk_4.3.0/platform/common/src/sl_assert.o
                                0x164 (size before relaxing)
 .debug_str     0x00001b36       0xe3 ./gecko_sdk_4.3.0/platform/common/toolchain/src/sl_memory.o
                                0x29e (size before relaxing)
 .debug_str     0x00001c19      0xb4b ./gecko_sdk_4.3.0/platform/emlib/src/em_cmu.o
                               0x1315 (size before relaxing)
 .debug_str     0x00002764      0x325 ./gecko_sdk_4.3.0/platform/emlib/src/em_core.o
                                0x882 (size before relaxing)
 .debug_str     0x00002a89      0x506 ./gecko_sdk_4.3.0/platform/emlib/src/em_emu.o
                                0xd94 (size before relaxing)
 .debug_str     0x00002f8f      0x151 ./gecko_sdk_4.3.0/platform/emlib/src/em_gpio.o
                                0x5e7 (size before relaxing)
 .debug_str     0x000030e0      0x21a ./gecko_sdk_4.3.0/platform/emlib/src/em_system.o
                                0x72b (size before relaxing)
 .debug_str     0x000032fa      0x490 ./gecko_sdk_4.3.0/platform/emlib/src/em_timer.o
                                0x95c (size before relaxing)
 .debug_str     0x0000378a      0x483 ./gecko_sdk_4.3.0/platform/emlib/src/em_usart.o
                                0xc71 (size before relaxing)
 .debug_str     0x00003c0d       0x55 ./gecko_sdk_4.3.0/platform/service/device_init/src/sl_device_init_emu_s0.o
                                0x2b5 (size before relaxing)
 .debug_str     0x00003c62       0xa2 ./gecko_sdk_4.3.0/platform/service/device_init/src/sl_device_init_hfxo_s0.o
                                0x313 (size before relaxing)
 .debug_str     0x00003d04       0xb4 ./gecko_sdk_4.3.0/platform/service/device_init/src/sl_device_init_lfxo_s0.o
                                0x36e (size before relaxing)
 .debug_str     0x00003db8       0x66 ./gecko_sdk_4.3.0/platform/service/device_init/src/sl_device_init_nvic.o
                                0x57d (size before relaxing)
 .debug_str     0x00003e1e       0x40 ./gecko_sdk_4.3.0/platform/service/system/src/sl_system_init.o
                                0x1ba (size before relaxing)
 .debug_str     0x00003e5e       0x4a ./gecko_sdk_4.3.0/platform/service/system/src/sl_system_process_action.o
                                0x1e7 (size before relaxing)

.debug_frame    0x00000000     0x1420
 .debug_frame   0x00000000       0x30 ./app.o
 .debug_frame   0x00000030       0x28 ./main.o
 .debug_frame   0x00000058       0xb0 ./uart.o
 .debug_frame   0x00000108       0x20 ./autogen/sl_board_default_init.o
 .debug_frame   0x00000128       0x28 ./autogen/sl_device_init_clocks.o
 .debug_frame   0x00000150       0xb0 ./autogen/sl_event_handler.o
 .debug_frame   0x00000200      0x100 ./gecko_sdk_4.3.0/hardware/board/src/sl_board_control_gpio.o
 .debug_frame   0x00000300       0x3c ./gecko_sdk_4.3.0/hardware/board/src/sl_board_init.o
 .debug_frame   0x0000033c       0x38 ./gecko_sdk_4.3.0/platform/Device/SiliconLabs/EFM32GG/Source/startup_efm32gg.o
 .debug_frame   0x00000374       0xb8 ./gecko_sdk_4.3.0/platform/Device/SiliconLabs/EFM32GG/Source/system_efm32gg.o
 .debug_frame   0x0000042c       0x20 ./gecko_sdk_4.3.0/platform/common/src/sl_assert.o
 .debug_frame   0x0000044c       0x40 ./gecko_sdk_4.3.0/platform/common/toolchain/src/sl_memory.o
 .debug_frame   0x0000048c      0x4e0 ./gecko_sdk_4.3.0/platform/emlib/src/em_cmu.o
 .debug_frame   0x0000096c      0x244 ./gecko_sdk_4.3.0/platform/emlib/src/em_core.o
 .debug_frame   0x00000bb0      0x24c ./gecko_sdk_4.3.0/platform/emlib/src/em_emu.o
 .debug_frame   0x00000dfc      0x12c ./gecko_sdk_4.3.0/platform/emlib/src/em_gpio.o
 .debug_frame   0x00000f28       0xe0 ./gecko_sdk_4.3.0/platform/emlib/src/em_system.o
 .debug_frame   0x00001008       0x9c ./gecko_sdk_4.3.0/platform/emlib/src/em_timer.o
 .debug_frame   0x000010a4      0x1ec ./gecko_sdk_4.3.0/platform/emlib/src/em_usart.o
 .debug_frame   0x00001290       0x28 ./gecko_sdk_4.3.0/platform/service/device_init/src/sl_device_init_emu_s0.o
 .debug_frame   0x000012b8       0x28 ./gecko_sdk_4.3.0/platform/service/device_init/src/sl_device_init_hfxo_s0.o
 .debug_frame   0x000012e0       0x2c ./gecko_sdk_4.3.0/platform/service/device_init/src/sl_device_init_lfxo_s0.o
 .debug_frame   0x0000130c       0x28 ./gecko_sdk_4.3.0/platform/service/device_init/src/sl_device_init_nvic.o
 .debug_frame   0x00001334       0x2c ./gecko_sdk_4.3.0/platform/service/system/src/sl_system_init.o
 .debug_frame   0x00001360       0x2c ./gecko_sdk_4.3.0/platform/service/system/src/sl_system_process_action.o
 .debug_frame   0x0000138c       0x28 c:/siliconlabs/simplicitystudio/v5/developer/toolchains/gnu_arm/10.3_2021.10/bin/../lib/gcc/arm-none-eabi/10.3.1/../../../../arm-none-eabi/lib/thumb/v7-m/nofp\libc_nano.a(lib_a-exit.o)
 .debug_frame   0x000013b4       0x2c c:/siliconlabs/simplicitystudio/v5/developer/toolchains/gnu_arm/10.3_2021.10/bin/../lib/gcc/arm-none-eabi/10.3.1/../../../../arm-none-eabi/lib/thumb/v7-m/nofp\libc_nano.a(lib_a-init.o)
 .debug_frame   0x000013e0       0x20 c:/siliconlabs/simplicitystudio/v5/developer/toolchains/gnu_arm/10.3_2021.10/bin/../lib/gcc/arm-none-eabi/10.3.1/../../../../arm-none-eabi/lib/thumb/v7-m/nofp\libc_nano.a(lib_a-memset.o)
 .debug_frame   0x00001400       0x20 c:/siliconlabs/simplicitystudio/v5/developer/toolchains/gnu_arm/10.3_2021.10/bin/../lib/gcc/arm-none-eabi/10.3.1/../../../../arm-none-eabi/lib/thumb/v7-m/nofp\libnosys.a(_exit.o)

.debug_loc      0x00000000     0x5ed3
 .debug_loc     0x00000000       0x20 ./main.o
 .debug_loc     0x00000020      0x1c8 ./uart.o
 .debug_loc     0x000001e8       0x20 ./autogen/sl_device_init_clocks.o
 .debug_loc     0x00000208       0x4d ./autogen/sl_event_handler.o
 .debug_loc     0x00000255      0x24a ./gecko_sdk_4.3.0/hardware/board/src/sl_board_control_gpio.o
 .debug_loc     0x0000049f       0x2c ./gecko_sdk_4.3.0/hardware/board/src/sl_board_init.o
 .debug_loc     0x000004cb       0x8e ./gecko_sdk_4.3.0/platform/Device/SiliconLabs/EFM32GG/Source/startup_efm32gg.o
 .debug_loc     0x00000559       0xae ./gecko_sdk_4.3.0/platform/Device/SiliconLabs/EFM32GG/Source/system_efm32gg.o
 .debug_loc     0x00000607       0x2a ./gecko_sdk_4.3.0/platform/common/src/sl_assert.o
 .debug_loc     0x00000631       0xa9 ./gecko_sdk_4.3.0/platform/common/toolchain/src/sl_memory.o
 .debug_loc     0x000006da     0x2c0c ./gecko_sdk_4.3.0/platform/emlib/src/em_cmu.o
 .debug_loc     0x000032e6      0x8d6 ./gecko_sdk_4.3.0/platform/emlib/src/em_core.o
 .debug_loc     0x00003bbc      0x8ba ./gecko_sdk_4.3.0/platform/emlib/src/em_emu.o
 .debug_loc     0x00004476      0x94f ./gecko_sdk_4.3.0/platform/emlib/src/em_gpio.o
 .debug_loc     0x00004dc5      0x17f ./gecko_sdk_4.3.0/platform/emlib/src/em_system.o
 .debug_loc     0x00004f44      0x3e9 ./gecko_sdk_4.3.0/platform/emlib/src/em_timer.o
 .debug_loc     0x0000532d      0xa5b ./gecko_sdk_4.3.0/platform/emlib/src/em_usart.o
 .debug_loc     0x00005d88       0x2c ./gecko_sdk_4.3.0/platform/service/device_init/src/sl_device_init_emu_s0.o
 .debug_loc     0x00005db4       0x2c ./gecko_sdk_4.3.0/platform/service/device_init/src/sl_device_init_hfxo_s0.o
 .debug_loc     0x00005de0       0x2c ./gecko_sdk_4.3.0/platform/service/device_init/src/sl_device_init_lfxo_s0.o
 .debug_loc     0x00005e0c       0x6f ./gecko_sdk_4.3.0/platform/service/device_init/src/sl_device_init_nvic.o
 .debug_loc     0x00005e7b       0x2c ./gecko_sdk_4.3.0/platform/service/system/src/sl_system_init.o
 .debug_loc     0x00005ea7       0x2c ./gecko_sdk_4.3.0/platform/service/system/src/sl_system_process_action.o
